<?xml version="1.0" encoding="ISO-8859-1" ?>
<link_info>
   <banner>TI ARM Linker PC v18.12.1.LTS</banner>
   <copyright>Copyright (c) 1996-2018 Texas Instruments Incorporated</copyright>
   <link_time>0x5ef77cee</link_time>
   <link_errors>0x0</link_errors>
   <output_file>freertos_demo.out</output_file>
   <entry_point>
      <name>_c_int00_noargs</name>
      <address>0x53d1</address>
   </entry_point>
   <input_file_list>
      <input_file id="fl-2">
         <path>.\</path>
         <kind>object</kind>
         <file>main.obj</file>
         <name>main.obj</name>
      </input_file>
      <input_file id="fl-3">
         <path>.\Common\</path>
         <kind>object</kind>
         <file>Rte_criticalSection.obj</file>
         <name>Rte_criticalSection.obj</name>
      </input_file>
      <input_file id="fl-4">
         <path>.\CommunicationStack\CanDrv\source\</path>
         <kind>object</kind>
         <file>Can.obj</file>
         <name>Can.obj</name>
      </input_file>
      <input_file id="fl-5">
         <path>.\CommunicationStack\CanDrv\source\</path>
         <kind>object</kind>
         <file>Can_interrupt.obj</file>
         <name>Can_interrupt.obj</name>
      </input_file>
      <input_file id="fl-6">
         <path>.\CommunicationStack\CanIf\source\</path>
         <kind>object</kind>
         <file>CanIf.obj</file>
         <name>CanIf.obj</name>
      </input_file>
      <input_file id="fl-7">
         <path>.\CommunicationStack\CanTp\source\</path>
         <kind>object</kind>
         <file>CanTp.obj</file>
         <name>CanTp.obj</name>
      </input_file>
      <input_file id="fl-8">
         <path>.\CommunicationStack\Com\source\</path>
         <kind>object</kind>
         <file>Com.obj</file>
         <name>Com.obj</name>
      </input_file>
      <input_file id="fl-9">
         <path>.\CommunicationStack\PduR\source\</path>
         <kind>object</kind>
         <file>Pdur.obj</file>
         <name>Pdur.obj</name>
      </input_file>
      <input_file id="fl-a">
         <path>.\Det\source\</path>
         <kind>object</kind>
         <file>Det.obj</file>
         <name>Det.obj</name>
      </input_file>
      <input_file id="fl-b">
         <path>.\MCU\source\</path>
         <kind>object</kind>
         <file>MCU.obj</file>
         <name>MCU.obj</name>
      </input_file>
      <input_file id="fl-c">
         <path>.\configuration\</path>
         <kind>object</kind>
         <file>CanIf_lCfg.obj</file>
         <name>CanIf_lCfg.obj</name>
      </input_file>
      <input_file id="fl-d">
         <path>.\configuration\</path>
         <kind>object</kind>
         <file>CanTp_LCfg.obj</file>
         <name>CanTp_LCfg.obj</name>
      </input_file>
      <input_file id="fl-e">
         <path>.\configuration\</path>
         <kind>object</kind>
         <file>Can_Lcfg.obj</file>
         <name>Can_Lcfg.obj</name>
      </input_file>
      <input_file id="fl-f">
         <path>.\configuration\</path>
         <kind>object</kind>
         <file>Com_Lcfg.obj</file>
         <name>Com_Lcfg.obj</name>
      </input_file>
      <input_file id="fl-10">
         <path>.\configuration\</path>
         <kind>object</kind>
         <file>ECUC.obj</file>
         <name>ECUC.obj</name>
      </input_file>
      <input_file id="fl-11">
         <path>.\configuration\</path>
         <kind>object</kind>
         <file>PduR_Lcfg.obj</file>
         <name>PduR_Lcfg.obj</name>
      </input_file>
      <input_file id="fl-12">
         <path>.\css\</path>
         <kind>object</kind>
         <file>startup_ccs.obj</file>
         <name>startup_ccs.obj</name>
      </input_file>
      <input_file id="fl-13">
         <path>.\drivers\</path>
         <kind>object</kind>
         <file>buttons.obj</file>
         <name>buttons.obj</name>
      </input_file>
      <input_file id="fl-14">
         <path>.\drivers\</path>
         <kind>object</kind>
         <file>rgb.obj</file>
         <name>rgb.obj</name>
      </input_file>
      <input_file id="fl-15">
         <path>.\third_party\FreeRTOS\Source\</path>
         <kind>object</kind>
         <file>list.obj</file>
         <name>list.obj</name>
      </input_file>
      <input_file id="fl-16">
         <path>.\third_party\FreeRTOS\Source\</path>
         <kind>object</kind>
         <file>queue.obj</file>
         <name>queue.obj</name>
      </input_file>
      <input_file id="fl-17">
         <path>.\third_party\FreeRTOS\Source\</path>
         <kind>object</kind>
         <file>tasks.obj</file>
         <name>tasks.obj</name>
      </input_file>
      <input_file id="fl-18">
         <path>.\third_party\FreeRTOS\Source\portable\CCS\ARM_CM4F\</path>
         <kind>object</kind>
         <file>port.obj</file>
         <name>port.obj</name>
      </input_file>
      <input_file id="fl-19">
         <path>.\third_party\FreeRTOS\Source\portable\CCS\ARM_CM4F\</path>
         <kind>object</kind>
         <file>portasm.obj</file>
         <name>portasm.obj</name>
      </input_file>
      <input_file id="fl-1a">
         <path>.\third_party\FreeRTOS\Source\portable\MemMang\</path>
         <kind>object</kind>
         <file>heap_2.obj</file>
         <name>heap_2.obj</name>
      </input_file>
      <input_file id="fl-1b">
         <path>.\utils\</path>
         <kind>object</kind>
         <file>uartstdio.obj</file>
         <name>uartstdio.obj</name>
      </input_file>
      <input_file id="fl-1c">
         <path>.\utils\</path>
         <kind>object</kind>
         <file>ustdlib.obj</file>
         <name>ustdlib.obj</name>
      </input_file>
      <input_file id="fl-21">
         <kind>object</kind>
         <file>&lt;internal&gt;</file>
         <name>&lt;internal&gt;</name>
      </input_file>
      <input_file id="fl-d7">
         <path>C:\ti\ccs901\ccs\tools\compiler\ti-cgt-arm_18.12.1.LTS\lib\</path>
         <kind>archive</kind>
         <file>rtsv7M4_T_le_v4SPD16_eabi.lib</file>
         <name>printf.c.obj</name>
      </input_file>
      <input_file id="fl-d8">
         <path>C:\ti\ccs901\ccs\tools\compiler\ti-cgt-arm_18.12.1.LTS\lib\</path>
         <kind>archive</kind>
         <file>rtsv7M4_T_le_v4SPD16_eabi.lib</file>
         <name>_printfi.c.obj</name>
      </input_file>
      <input_file id="fl-d9">
         <path>C:\ti\ccs901\ccs\tools\compiler\ti-cgt-arm_18.12.1.LTS\lib\</path>
         <kind>archive</kind>
         <file>rtsv7M4_T_le_v4SPD16_eabi.lib</file>
         <name>fputc.c.obj</name>
      </input_file>
      <input_file id="fl-da">
         <path>C:\ti\ccs901\ccs\tools\compiler\ti-cgt-arm_18.12.1.LTS\lib\</path>
         <kind>archive</kind>
         <file>rtsv7M4_T_le_v4SPD16_eabi.lib</file>
         <name>fputs.c.obj</name>
      </input_file>
      <input_file id="fl-db">
         <path>C:\ti\ccs901\ccs\tools\compiler\ti-cgt-arm_18.12.1.LTS\lib\</path>
         <kind>archive</kind>
         <file>rtsv7M4_T_le_v4SPD16_eabi.lib</file>
         <name>_io_perm.c.obj</name>
      </input_file>
      <input_file id="fl-dc">
         <path>C:\ti\ccs901\ccs\tools\compiler\ti-cgt-arm_18.12.1.LTS\lib\</path>
         <kind>archive</kind>
         <file>rtsv7M4_T_le_v4SPD16_eabi.lib</file>
         <name>setvbuf.c.obj</name>
      </input_file>
      <input_file id="fl-dd">
         <path>C:\ti\ccs901\ccs\tools\compiler\ti-cgt-arm_18.12.1.LTS\lib\</path>
         <kind>archive</kind>
         <file>rtsv7M4_T_le_v4SPD16_eabi.lib</file>
         <name>s_frexp.c.obj</name>
      </input_file>
      <input_file id="fl-de">
         <path>C:\ti\ccs901\ccs\tools\compiler\ti-cgt-arm_18.12.1.LTS\lib\</path>
         <kind>archive</kind>
         <file>rtsv7M4_T_le_v4SPD16_eabi.lib</file>
         <name>s_scalbn.c.obj</name>
      </input_file>
      <input_file id="fl-df">
         <path>C:\ti\ccs901\ccs\tools\compiler\ti-cgt-arm_18.12.1.LTS\lib\</path>
         <kind>archive</kind>
         <file>rtsv7M4_T_le_v4SPD16_eabi.lib</file>
         <name>s_copysign.c.obj</name>
      </input_file>
      <input_file id="fl-e0">
         <path>C:\ti\ccs901\ccs\tools\compiler\ti-cgt-arm_18.12.1.LTS\lib\</path>
         <kind>archive</kind>
         <file>rtsv7M4_T_le_v4SPD16_eabi.lib</file>
         <name>ull_div_t2.asm.obj</name>
      </input_file>
      <input_file id="fl-e1">
         <path>C:\ti\ccs901\ccs\tools\compiler\ti-cgt-arm_18.12.1.LTS\lib\</path>
         <kind>archive</kind>
         <file>rtsv7M4_T_le_v4SPD16_eabi.lib</file>
         <name>fd_add_t2.asm.obj</name>
      </input_file>
      <input_file id="fl-e2">
         <path>C:\ti\ccs901\ccs\tools\compiler\ti-cgt-arm_18.12.1.LTS\lib\</path>
         <kind>archive</kind>
         <file>rtsv7M4_T_le_v4SPD16_eabi.lib</file>
         <name>fd_cmp_t2.asm.obj</name>
      </input_file>
      <input_file id="fl-e3">
         <path>C:\ti\ccs901\ccs\tools\compiler\ti-cgt-arm_18.12.1.LTS\lib\</path>
         <kind>archive</kind>
         <file>rtsv7M4_T_le_v4SPD16_eabi.lib</file>
         <name>fd_div_t2.asm.obj</name>
      </input_file>
      <input_file id="fl-e4">
         <path>C:\ti\ccs901\ccs\tools\compiler\ti-cgt-arm_18.12.1.LTS\lib\</path>
         <kind>archive</kind>
         <file>rtsv7M4_T_le_v4SPD16_eabi.lib</file>
         <name>fd_mul_t2.asm.obj</name>
      </input_file>
      <input_file id="fl-e5">
         <path>C:\ti\ccs901\ccs\tools\compiler\ti-cgt-arm_18.12.1.LTS\lib\</path>
         <kind>archive</kind>
         <file>rtsv7M4_T_le_v4SPD16_eabi.lib</file>
         <name>fd_toi_t2.asm.obj</name>
      </input_file>
      <input_file id="fl-e6">
         <path>C:\ti\ccs901\ccs\tools\compiler\ti-cgt-arm_18.12.1.LTS\lib\</path>
         <kind>archive</kind>
         <file>rtsv7M4_T_le_v4SPD16_eabi.lib</file>
         <name>fd_tou_t2.asm.obj</name>
      </input_file>
      <input_file id="fl-e7">
         <path>C:\ti\ccs901\ccs\tools\compiler\ti-cgt-arm_18.12.1.LTS\lib\</path>
         <kind>archive</kind>
         <file>rtsv7M4_T_le_v4SPD16_eabi.lib</file>
         <name>fs_toull_t2.asm.obj</name>
      </input_file>
      <input_file id="fl-e8">
         <path>C:\ti\ccs901\ccs\tools\compiler\ti-cgt-arm_18.12.1.LTS\lib\</path>
         <kind>archive</kind>
         <file>rtsv7M4_T_le_v4SPD16_eabi.lib</file>
         <name>i_tofd_t2.asm.obj</name>
      </input_file>
      <input_file id="fl-e9">
         <path>C:\ti\ccs901\ccs\tools\compiler\ti-cgt-arm_18.12.1.LTS\lib\</path>
         <kind>archive</kind>
         <file>rtsv7M4_T_le_v4SPD16_eabi.lib</file>
         <name>ll_lsl_t2.asm.obj</name>
      </input_file>
      <input_file id="fl-ea">
         <path>C:\ti\ccs901\ccs\tools\compiler\ti-cgt-arm_18.12.1.LTS\lib\</path>
         <kind>archive</kind>
         <file>rtsv7M4_T_le_v4SPD16_eabi.lib</file>
         <name>ll_lsr_t2.asm.obj</name>
      </input_file>
      <input_file id="fl-eb">
         <path>C:\ti\ccs901\ccs\tools\compiler\ti-cgt-arm_18.12.1.LTS\lib\</path>
         <kind>archive</kind>
         <file>rtsv7M4_T_le_v4SPD16_eabi.lib</file>
         <name>memcpy_t2.asm.obj</name>
      </input_file>
      <input_file id="fl-ec">
         <path>C:\ti\ccs901\ccs\tools\compiler\ti-cgt-arm_18.12.1.LTS\lib\</path>
         <kind>archive</kind>
         <file>rtsv7M4_T_le_v4SPD16_eabi.lib</file>
         <name>u_tofd_t2.asm.obj</name>
      </input_file>
      <input_file id="fl-ed">
         <path>C:\ti\ccs901\ccs\tools\compiler\ti-cgt-arm_18.12.1.LTS\lib\</path>
         <kind>archive</kind>
         <file>rtsv7M4_T_le_v4SPD16_eabi.lib</file>
         <name>u_divt2.asm.obj</name>
      </input_file>
      <input_file id="fl-ee">
         <path>C:\ti\ccs901\ccs\tools\compiler\ti-cgt-arm_18.12.1.LTS\lib\</path>
         <kind>archive</kind>
         <file>rtsv7M4_T_le_v4SPD16_eabi.lib</file>
         <name>memset_t2.asm.obj</name>
      </input_file>
      <input_file id="fl-ef">
         <path>C:\ti\ccs901\ccs\tools\compiler\ti-cgt-arm_18.12.1.LTS\lib\</path>
         <kind>archive</kind>
         <file>rtsv7M4_T_le_v4SPD16_eabi.lib</file>
         <name>copy_zero_init.c.obj</name>
      </input_file>
      <input_file id="fl-f0">
         <path>C:\ti\ccs901\ccs\tools\compiler\ti-cgt-arm_18.12.1.LTS\lib\</path>
         <kind>archive</kind>
         <file>rtsv7M4_T_le_v4SPD16_eabi.lib</file>
         <name>copy_decompress_none.c.obj</name>
      </input_file>
      <input_file id="fl-f1">
         <path>C:\ti\ccs901\ccs\tools\compiler\ti-cgt-arm_18.12.1.LTS\lib\</path>
         <kind>archive</kind>
         <file>rtsv7M4_T_le_v4SPD16_eabi.lib</file>
         <name>copy_decompress_lzss.c.obj</name>
      </input_file>
      <input_file id="fl-f2">
         <path>C:\ti\ccs901\ccs\tools\compiler\ti-cgt-arm_18.12.1.LTS\lib\</path>
         <kind>archive</kind>
         <file>rtsv7M4_T_le_v4SPD16_eabi.lib</file>
         <name>exit.c.obj</name>
      </input_file>
      <input_file id="fl-f3">
         <path>C:\ti\ccs901\ccs\tools\compiler\ti-cgt-arm_18.12.1.LTS\lib\</path>
         <kind>archive</kind>
         <file>rtsv7M4_T_le_v4SPD16_eabi.lib</file>
         <name>_lock.c.obj</name>
      </input_file>
      <input_file id="fl-f4">
         <path>C:\ti\ccs901\ccs\tools\compiler\ti-cgt-arm_18.12.1.LTS\lib\</path>
         <kind>archive</kind>
         <file>rtsv7M4_T_le_v4SPD16_eabi.lib</file>
         <name>atoi.c.obj</name>
      </input_file>
      <input_file id="fl-f5">
         <path>C:\ti\ccs901\ccs\tools\compiler\ti-cgt-arm_18.12.1.LTS\lib\</path>
         <kind>archive</kind>
         <file>rtsv7M4_T_le_v4SPD16_eabi.lib</file>
         <name>ctype.c.obj</name>
      </input_file>
      <input_file id="fl-f6">
         <path>C:\ti\ccs901\ccs\tools\compiler\ti-cgt-arm_18.12.1.LTS\lib\</path>
         <kind>archive</kind>
         <file>rtsv7M4_T_le_v4SPD16_eabi.lib</file>
         <name>defs.c.obj</name>
      </input_file>
      <input_file id="fl-f7">
         <path>C:\ti\ccs901\ccs\tools\compiler\ti-cgt-arm_18.12.1.LTS\lib\</path>
         <kind>archive</kind>
         <file>rtsv7M4_T_le_v4SPD16_eabi.lib</file>
         <name>ltoa.c.obj</name>
      </input_file>
      <input_file id="fl-f8">
         <path>C:\ti\ccs901\ccs\tools\compiler\ti-cgt-arm_18.12.1.LTS\lib\</path>
         <kind>archive</kind>
         <file>rtsv7M4_T_le_v4SPD16_eabi.lib</file>
         <name>memccpy.c.obj</name>
      </input_file>
      <input_file id="fl-f9">
         <path>C:\ti\ccs901\ccs\tools\compiler\ti-cgt-arm_18.12.1.LTS\lib\</path>
         <kind>archive</kind>
         <file>rtsv7M4_T_le_v4SPD16_eabi.lib</file>
         <name>memchr.c.obj</name>
      </input_file>
      <input_file id="fl-fa">
         <path>C:\ti\ccs901\ccs\tools\compiler\ti-cgt-arm_18.12.1.LTS\lib\</path>
         <kind>archive</kind>
         <file>rtsv7M4_T_le_v4SPD16_eabi.lib</file>
         <name>memory.c.obj</name>
      </input_file>
      <input_file id="fl-fb">
         <path>C:\ti\ccs901\ccs\tools\compiler\ti-cgt-arm_18.12.1.LTS\lib\</path>
         <kind>archive</kind>
         <file>rtsv7M4_T_le_v4SPD16_eabi.lib</file>
         <name>strchr.c.obj</name>
      </input_file>
      <input_file id="fl-fc">
         <path>C:\ti\ccs901\ccs\tools\compiler\ti-cgt-arm_18.12.1.LTS\lib\</path>
         <kind>archive</kind>
         <file>rtsv7M4_T_le_v4SPD16_eabi.lib</file>
         <name>strlen.c.obj</name>
      </input_file>
      <input_file id="fl-fd">
         <path>C:\ti\ccs901\ccs\tools\compiler\ti-cgt-arm_18.12.1.LTS\lib\</path>
         <kind>archive</kind>
         <file>rtsv7M4_T_le_v4SPD16_eabi.lib</file>
         <name>write.c.obj</name>
      </input_file>
      <input_file id="fl-fe">
         <path>C:\ti\ccs901\ccs\tools\compiler\ti-cgt-arm_18.12.1.LTS\lib\</path>
         <kind>archive</kind>
         <file>rtsv7M4_T_le_v4SPD16_eabi.lib</file>
         <name>host_device.c.obj</name>
      </input_file>
      <input_file id="fl-ff">
         <path>C:\ti\ccs901\ccs\tools\compiler\ti-cgt-arm_18.12.1.LTS\lib\</path>
         <kind>archive</kind>
         <file>rtsv7M4_T_le_v4SPD16_eabi.lib</file>
         <name>errno.c.obj</name>
      </input_file>
      <input_file id="fl-100">
         <path>C:\ti\ccs901\ccs\tools\compiler\ti-cgt-arm_18.12.1.LTS\lib\</path>
         <kind>archive</kind>
         <file>rtsv7M4_T_le_v4SPD16_eabi.lib</file>
         <name>boot_cortex_m.c.obj</name>
      </input_file>
      <input_file id="fl-101">
         <path>C:\ti\ccs901\ccs\tools\compiler\ti-cgt-arm_18.12.1.LTS\lib\</path>
         <kind>archive</kind>
         <file>rtsv7M4_T_le_v4SPD16_eabi.lib</file>
         <name>wcslen.c.obj</name>
      </input_file>
      <input_file id="fl-102">
         <path>C:\ti\ccs901\ccs\tools\compiler\ti-cgt-arm_18.12.1.LTS\lib\</path>
         <kind>archive</kind>
         <file>rtsv7M4_T_le_v4SPD16_eabi.lib</file>
         <name>fflush.c.obj</name>
      </input_file>
      <input_file id="fl-103">
         <path>C:\ti\ccs901\ccs\tools\compiler\ti-cgt-arm_18.12.1.LTS\lib\</path>
         <kind>archive</kind>
         <file>rtsv7M4_T_le_v4SPD16_eabi.lib</file>
         <name>fopen.c.obj</name>
      </input_file>
      <input_file id="fl-104">
         <path>C:\ti\ccs901\ccs\tools\compiler\ti-cgt-arm_18.12.1.LTS\lib\</path>
         <kind>archive</kind>
         <file>rtsv7M4_T_le_v4SPD16_eabi.lib</file>
         <name>fseek.c.obj</name>
      </input_file>
      <input_file id="fl-105">
         <path>C:\ti\ccs901\ccs\tools\compiler\ti-cgt-arm_18.12.1.LTS\lib\</path>
         <kind>archive</kind>
         <file>rtsv7M4_T_le_v4SPD16_eabi.lib</file>
         <name>div0.asm.obj</name>
      </input_file>
      <input_file id="fl-106">
         <path>C:\ti\ccs901\ccs\tools\compiler\ti-cgt-arm_18.12.1.LTS\lib\</path>
         <kind>archive</kind>
         <file>rtsv7M4_T_le_v4SPD16_eabi.lib</file>
         <name>autoinit.c.obj</name>
      </input_file>
      <input_file id="fl-107">
         <path>C:\ti\ccs901\ccs\tools\compiler\ti-cgt-arm_18.12.1.LTS\lib\</path>
         <kind>archive</kind>
         <file>rtsv7M4_T_le_v4SPD16_eabi.lib</file>
         <name>pre_init.c.obj</name>
      </input_file>
      <input_file id="fl-108">
         <path>C:\ti\ccs901\ccs\tools\compiler\ti-cgt-arm_18.12.1.LTS\lib\</path>
         <kind>archive</kind>
         <file>rtsv7M4_T_le_v4SPD16_eabi.lib</file>
         <name>cpy_tbl.c.obj</name>
      </input_file>
      <input_file id="fl-109">
         <path>C:\ti\ccs901\ccs\tools\compiler\ti-cgt-arm_18.12.1.LTS\lib\</path>
         <kind>archive</kind>
         <file>rtsv7M4_T_le_v4SPD16_eabi.lib</file>
         <name>args_main.c.obj</name>
      </input_file>
      <input_file id="fl-10a">
         <path>C:\ti\ccs901\ccs\tools\compiler\ti-cgt-arm_18.12.1.LTS\lib\</path>
         <kind>archive</kind>
         <file>rtsv7M4_T_le_v4SPD16_eabi.lib</file>
         <name>hostclose.c.obj</name>
      </input_file>
      <input_file id="fl-10b">
         <path>C:\ti\ccs901\ccs\tools\compiler\ti-cgt-arm_18.12.1.LTS\lib\</path>
         <kind>archive</kind>
         <file>rtsv7M4_T_le_v4SPD16_eabi.lib</file>
         <name>hostlseek.c.obj</name>
      </input_file>
      <input_file id="fl-10c">
         <path>C:\ti\ccs901\ccs\tools\compiler\ti-cgt-arm_18.12.1.LTS\lib\</path>
         <kind>archive</kind>
         <file>rtsv7M4_T_le_v4SPD16_eabi.lib</file>
         <name>hostopen.c.obj</name>
      </input_file>
      <input_file id="fl-10d">
         <path>C:\ti\ccs901\ccs\tools\compiler\ti-cgt-arm_18.12.1.LTS\lib\</path>
         <kind>archive</kind>
         <file>rtsv7M4_T_le_v4SPD16_eabi.lib</file>
         <name>hostread.c.obj</name>
      </input_file>
      <input_file id="fl-10e">
         <path>C:\ti\ccs901\ccs\tools\compiler\ti-cgt-arm_18.12.1.LTS\lib\</path>
         <kind>archive</kind>
         <file>rtsv7M4_T_le_v4SPD16_eabi.lib</file>
         <name>hostrename.c.obj</name>
      </input_file>
      <input_file id="fl-10f">
         <path>C:\ti\ccs901\ccs\tools\compiler\ti-cgt-arm_18.12.1.LTS\lib\</path>
         <kind>archive</kind>
         <file>rtsv7M4_T_le_v4SPD16_eabi.lib</file>
         <name>hostunlink.c.obj</name>
      </input_file>
      <input_file id="fl-110">
         <path>C:\ti\ccs901\ccs\tools\compiler\ti-cgt-arm_18.12.1.LTS\lib\</path>
         <kind>archive</kind>
         <file>rtsv7M4_T_le_v4SPD16_eabi.lib</file>
         <name>hostwrite.c.obj</name>
      </input_file>
      <input_file id="fl-111">
         <path>C:\ti\ccs901\ccs\tools\compiler\ti-cgt-arm_18.12.1.LTS\lib\</path>
         <kind>archive</kind>
         <file>rtsv7M4_T_le_v4SPD16_eabi.lib</file>
         <name>trgmsg.c.obj</name>
      </input_file>
      <input_file id="fl-112">
         <path>C:\ti\ccs901\ccs\tools\compiler\ti-cgt-arm_18.12.1.LTS\lib\</path>
         <kind>archive</kind>
         <file>rtsv7M4_T_le_v4SPD16_eabi.lib</file>
         <name>open.c.obj</name>
      </input_file>
      <input_file id="fl-113">
         <path>C:\ti\ccs901\ccs\tools\compiler\ti-cgt-arm_18.12.1.LTS\lib\</path>
         <kind>archive</kind>
         <file>rtsv7M4_T_le_v4SPD16_eabi.lib</file>
         <name>lseek.c.obj</name>
      </input_file>
      <input_file id="fl-114">
         <path>C:\ti\ccs901\ccs\tools\compiler\ti-cgt-arm_18.12.1.LTS\lib\</path>
         <kind>archive</kind>
         <file>rtsv7M4_T_le_v4SPD16_eabi.lib</file>
         <name>fclose.c.obj</name>
      </input_file>
      <input_file id="fl-115">
         <path>C:\ti\ccs901\ccs\tools\compiler\ti-cgt-arm_18.12.1.LTS\lib\</path>
         <kind>archive</kind>
         <file>rtsv7M4_T_le_v4SPD16_eabi.lib</file>
         <name>getdevice.c.obj</name>
      </input_file>
      <input_file id="fl-116">
         <path>C:\ti\ccs901\ccs\tools\compiler\ti-cgt-arm_18.12.1.LTS\lib\</path>
         <kind>archive</kind>
         <file>rtsv7M4_T_le_v4SPD16_eabi.lib</file>
         <name>strcmp.c.obj</name>
      </input_file>
      <input_file id="fl-117">
         <path>C:\ti\ccs901\ccs\tools\compiler\ti-cgt-arm_18.12.1.LTS\lib\</path>
         <kind>archive</kind>
         <file>rtsv7M4_T_le_v4SPD16_eabi.lib</file>
         <name>strcpy.c.obj</name>
      </input_file>
      <input_file id="fl-118">
         <path>C:\ti\ccs901\ccs\tools\compiler\ti-cgt-arm_18.12.1.LTS\lib\</path>
         <kind>archive</kind>
         <file>rtsv7M4_T_le_v4SPD16_eabi.lib</file>
         <name>strncpy.c.obj</name>
      </input_file>
      <input_file id="fl-119">
         <path>C:\ti\ccs901\ccs\tools\compiler\ti-cgt-arm_18.12.1.LTS\lib\</path>
         <kind>archive</kind>
         <file>rtsv7M4_T_le_v4SPD16_eabi.lib</file>
         <name>remove.c.obj</name>
      </input_file>
      <input_file id="fl-11a">
         <path>C:\ti\ccs901\ccs\tools\compiler\ti-cgt-arm_18.12.1.LTS\lib\</path>
         <kind>archive</kind>
         <file>rtsv7M4_T_le_v4SPD16_eabi.lib</file>
         <name>close.c.obj</name>
      </input_file>
      <input_file id="fl-11b">
         <path>C:\ti\ccs901\ccs\tools\compiler\ti-cgt-arm_18.12.1.LTS\lib\</path>
         <kind>archive</kind>
         <file>rtsv7M4_T_le_v4SPD16_eabi.lib</file>
         <name>unlink.c.obj</name>
      </input_file>
      <input_file id="fl-11c">
         <path>D:\ITI\AUTO SAR\Code Composer\TivaWare_C_Series-2.1.4.178\driverlib\ccs\Debug\</path>
         <kind>archive</kind>
         <file>driverlib.lib</file>
         <name>can.obj</name>
      </input_file>
      <input_file id="fl-11d">
         <path>D:\ITI\AUTO SAR\Code Composer\TivaWare_C_Series-2.1.4.178\driverlib\ccs\Debug\</path>
         <kind>archive</kind>
         <file>driverlib.lib</file>
         <name>gpio.obj</name>
      </input_file>
      <input_file id="fl-11e">
         <path>D:\ITI\AUTO SAR\Code Composer\TivaWare_C_Series-2.1.4.178\driverlib\ccs\Debug\</path>
         <kind>archive</kind>
         <file>driverlib.lib</file>
         <name>interrupt.obj</name>
      </input_file>
      <input_file id="fl-11f">
         <path>D:\ITI\AUTO SAR\Code Composer\TivaWare_C_Series-2.1.4.178\driverlib\ccs\Debug\</path>
         <kind>archive</kind>
         <file>driverlib.lib</file>
         <name>sysctl.obj</name>
      </input_file>
      <input_file id="fl-120">
         <path>D:\ITI\AUTO SAR\Code Composer\TivaWare_C_Series-2.1.4.178\driverlib\ccs\Debug\</path>
         <kind>archive</kind>
         <file>driverlib.lib</file>
         <name>uart.obj</name>
      </input_file>
      <input_file id="fl-121">
         <path>D:\ITI\AUTO SAR\Code Composer\TivaWare_C_Series-2.1.4.178\driverlib\ccs\Debug\</path>
         <kind>archive</kind>
         <file>driverlib.lib</file>
         <name>cpu.obj</name>
      </input_file>
   </input_file_list>
   <object_component_list>
      <object_component id="oc-f">
         <name>.intvecs</name>
         <load_address>0x0</load_address>
         <run_address>0x0</run_address>
         <size>0x26c</size>
         <input_file_ref idref="fl-12"/>
      </object_component>
      <object_component id="oc-5ee">
         <name>.text:__TI_printfi</name>
         <load_address>0x26c</load_address>
         <run_address>0x26c</run_address>
         <size>0xa4e</size>
         <input_file_ref idref="fl-d8"/>
      </object_component>
      <object_component id="oc-33">
         <name>.text:FaultISR</name>
         <load_address>0xcba</load_address>
         <run_address>0xcba</run_address>
         <size>0x2</size>
         <input_file_ref idref="fl-12"/>
      </object_component>
      <object_component id="oc-663">
         <name>.text:_pconv_a</name>
         <load_address>0xcbc</load_address>
         <run_address>0xcbc</run_address>
         <size>0x270</size>
         <input_file_ref idref="fl-d8"/>
      </object_component>
      <object_component id="oc-14b">
         <name>.text:Can_SetControllerMode</name>
         <load_address>0xf2c</load_address>
         <run_address>0xf2c</run_address>
         <size>0x22c</size>
         <input_file_ref idref="fl-4"/>
      </object_component>
      <object_component id="oc-2d5">
         <name>.text:UARTvprintf</name>
         <load_address>0x1158</load_address>
         <run_address>0x1158</run_address>
         <size>0x1ea</size>
         <input_file_ref idref="fl-1b"/>
      </object_component>
      <object_component id="oc-39">
         <name>.text:IntDefaultHandler</name>
         <load_address>0x1342</load_address>
         <run_address>0x1342</run_address>
         <size>0x2</size>
         <input_file_ref idref="fl-12"/>
      </object_component>
      <object_component id="oc-651">
         <name>.text:_pconv_g</name>
         <load_address>0x1344</load_address>
         <run_address>0x1344</run_address>
         <size>0x1d0</size>
         <input_file_ref idref="fl-d8"/>
      </object_component>
      <object_component id="oc-509">
         <name>.text</name>
         <load_address>0x1514</load_address>
         <run_address>0x1514</run_address>
         <size>0x1b6</size>
         <input_file_ref idref="fl-e1"/>
      </object_component>
      <object_component id="oc-2d">
         <name>.text:NmiSR</name>
         <load_address>0x16ca</load_address>
         <run_address>0x16ca</run_address>
         <size>0x2</size>
         <input_file_ref idref="fl-12"/>
      </object_component>
      <object_component id="oc-4c5">
         <name>.text:CanIf_RxIndication</name>
         <load_address>0x16cc</load_address>
         <run_address>0x16cc</run_address>
         <size>0x144</size>
         <input_file_ref idref="fl-6"/>
      </object_component>
      <object_component id="oc-5da">
         <name>.text:HandleReceivedFrame</name>
         <load_address>0x1810</load_address>
         <run_address>0x1810</run_address>
         <size>0x144</size>
         <input_file_ref idref="fl-7"/>
      </object_component>
      <object_component id="oc-65d">
         <name>.text:_pconv_e</name>
         <load_address>0x1954</load_address>
         <run_address>0x1954</run_address>
         <size>0x13c</size>
         <input_file_ref idref="fl-d8"/>
      </object_component>
      <object_component id="oc-394">
         <name>.text:CANMessageSet</name>
         <load_address>0x1a90</load_address>
         <run_address>0x1a90</run_address>
         <size>0x136</size>
         <input_file_ref idref="fl-11c"/>
      </object_component>
      <object_component id="oc-6c2">
         <name>.text</name>
         <load_address>0x1bc6</load_address>
         <run_address>0x1bc6</run_address>
         <size>0x136</size>
         <input_file_ref idref="fl-e3"/>
      </object_component>
      <object_component id="oc-631">
         <name>.text:ReceiveFirstFrame</name>
         <load_address>0x1cfc</load_address>
         <run_address>0x1cfc</run_address>
         <size>0x134</size>
         <input_file_ref idref="fl-7"/>
      </object_component>
      <object_component id="oc-369">
         <name>.text:GPIOPadConfigSet</name>
         <load_address>0x1e30</load_address>
         <run_address>0x1e30</run_address>
         <size>0x132</size>
         <input_file_ref idref="fl-11d"/>
      </object_component>
      <object_component id="oc-571">
         <name>.text:PduR_CanIfRxIndication</name>
         <load_address>0x1f62</load_address>
         <run_address>0x1f62</run_address>
         <size>0x2</size>
         <input_file_ref idref="fl-9"/>
      </object_component>
      <object_component id="oc-625">
         <name>.text:ReceiveConsecutiveFrame</name>
         <load_address>0x1f64</load_address>
         <run_address>0x1f64</run_address>
         <size>0x130</size>
         <input_file_ref idref="fl-7"/>
      </object_component>
      <object_component id="oc-438">
         <name>.text:MainFunctionReceiveChannel</name>
         <load_address>0x2094</load_address>
         <run_address>0x2094</run_address>
         <size>0x12c</size>
         <input_file_ref idref="fl-7"/>
      </object_component>
      <object_component id="oc-6e4">
         <name>.text:fcvt</name>
         <load_address>0x21c0</load_address>
         <run_address>0x21c0</run_address>
         <size>0x124</size>
         <input_file_ref idref="fl-d8"/>
      </object_component>
      <object_component id="oc-513">
         <name>.text:SendNextTxFrame</name>
         <load_address>0x22e4</load_address>
         <run_address>0x22e4</run_address>
         <size>0x120</size>
         <input_file_ref idref="fl-7"/>
      </object_component>
      <object_component id="oc-529">
         <name>.text:SendFlowControlFrame</name>
         <load_address>0x2404</load_address>
         <run_address>0x2404</run_address>
         <size>0x114</size>
         <input_file_ref idref="fl-7"/>
      </object_component>
      <object_component id="oc-68b">
         <name>.text:fputs</name>
         <load_address>0x2518</load_address>
         <run_address>0x2518</run_address>
         <size>0x114</size>
         <input_file_ref idref="fl-da"/>
      </object_component>
      <object_component id="oc-24e">
         <name>.text:Can_ConfigureHardwareObject</name>
         <load_address>0x262c</load_address>
         <run_address>0x262c</run_address>
         <size>0x110</size>
         <input_file_ref idref="fl-4"/>
      </object_component>
      <object_component id="oc-23c">
         <name>.text:SysCtlClockGet</name>
         <load_address>0x273c</load_address>
         <run_address>0x273c</run_address>
         <size>0x110</size>
         <input_file_ref idref="fl-11f"/>
      </object_component>
      <object_component id="oc-6f8">
         <name>.text:scalbn</name>
         <load_address>0x284c</load_address>
         <run_address>0x284c</run_address>
         <size>0x110</size>
         <input_file_ref idref="fl-de"/>
      </object_component>
      <object_component id="oc-4bf">
         <name>.text:CANMessageGet</name>
         <load_address>0x295c</load_address>
         <run_address>0x295c</run_address>
         <size>0x10e</size>
         <input_file_ref idref="fl-11c"/>
      </object_component>
      <object_component id="oc-557">
         <name>.text:PduR_CanIfTxConfirmation</name>
         <load_address>0x2a6a</load_address>
         <run_address>0x2a6a</run_address>
         <size>0x2</size>
         <input_file_ref idref="fl-9"/>
      </object_component>
      <object_component id="oc-606">
         <name>.text:Can_Write</name>
         <load_address>0x2a6c</load_address>
         <run_address>0x2a6c</run_address>
         <size>0x104</size>
         <input_file_ref idref="fl-4"/>
      </object_component>
      <object_component id="oc-9f">
         <name>.text:xTaskIncrementTick</name>
         <load_address>0x2b70</load_address>
         <run_address>0x2b70</run_address>
         <size>0x104</size>
         <input_file_ref idref="fl-17"/>
      </object_component>
      <object_component id="oc-163">
         <name>.text:xTaskGenericCreate</name>
         <load_address>0x2c74</load_address>
         <run_address>0x2c74</run_address>
         <size>0x100</size>
         <input_file_ref idref="fl-17"/>
      </object_component>
      <object_component id="oc-6bd">
         <name>.text</name>
         <load_address>0x2d74</load_address>
         <run_address>0x2d74</run_address>
         <size>0xfc</size>
         <input_file_ref idref="fl-e4"/>
      </object_component>
      <object_component id="oc-20a">
         <name>.text:SysCtlClockSet</name>
         <load_address>0x2e70</load_address>
         <run_address>0x2e70</run_address>
         <size>0xf4</size>
         <input_file_ref idref="fl-11f"/>
      </object_component>
      <object_component id="oc-7ed">
         <name>.text:aligned_alloc</name>
         <load_address>0x2f64</load_address>
         <run_address>0x2f64</run_address>
         <size>0xf4</size>
         <input_file_ref idref="fl-fa"/>
      </object_component>
      <object_component id="oc-321">
         <name>.text:CanTp_Transmit</name>
         <load_address>0x3058</load_address>
         <run_address>0x3058</run_address>
         <size>0xf0</size>
         <input_file_ref idref="fl-7"/>
      </object_component>
      <object_component id="oc-5cd">
         <name>.text:HandleNextTxFrame</name>
         <load_address>0x3148</load_address>
         <run_address>0x3148</run_address>
         <size>0xec</size>
         <input_file_ref idref="fl-7"/>
      </object_component>
      <object_component id="oc-7ab">
         <name>.text:free</name>
         <load_address>0x3234</load_address>
         <run_address>0x3234</run_address>
         <size>0xe8</size>
         <input_file_ref idref="fl-fa"/>
      </object_component>
      <object_component id="oc-44d">
         <name>.text:xTaskResumeAll</name>
         <load_address>0x331c</load_address>
         <run_address>0x331c</run_address>
         <size>0xe4</size>
         <input_file_ref idref="fl-17"/>
      </object_component>
      <object_component id="oc-13f">
         <name>.text:Can_Init</name>
         <load_address>0x3400</load_address>
         <run_address>0x3400</run_address>
         <size>0xe0</size>
         <input_file_ref idref="fl-4"/>
      </object_component>
      <object_component id="oc-77e">
         <name>.text:setvbuf</name>
         <load_address>0x34e0</load_address>
         <run_address>0x34e0</run_address>
         <size>0xdc</size>
         <input_file_ref idref="fl-dc"/>
      </object_component>
      <object_component id="oc-3f">
         <name>.text</name>
         <load_address>0x35bc</load_address>
         <run_address>0x35bc</run_address>
         <size>0xd2</size>
         <input_file_ref idref="fl-19"/>
      </object_component>
      <object_component id="oc-523">
         <name>.text:PduR_CanTpRxIndication</name>
         <load_address>0x368e</load_address>
         <run_address>0x368e</run_address>
         <size>0x2</size>
         <input_file_ref idref="fl-9"/>
      </object_component>
      <object_component id="oc-55d">
         <name>.text:CanTp_TxConfirmation</name>
         <load_address>0x3690</load_address>
         <run_address>0x3690</run_address>
         <size>0xcc</size>
         <input_file_ref idref="fl-7"/>
      </object_component>
      <object_component id="oc-646">
         <name>.text:_ltostr</name>
         <load_address>0x375c</load_address>
         <run_address>0x375c</run_address>
         <size>0xb1</size>
         <input_file_ref idref="fl-d8"/>
      </object_component>
      <object_component id="oc-519">
         <name>.text:PduR_CanTpTxConfirmation</name>
         <load_address>0x380e</load_address>
         <run_address>0x380e</run_address>
         <size>0x2</size>
         <input_file_ref idref="fl-9"/>
      </object_component>
      <object_component id="oc-5af">
         <name>.text:CanIf_Transmit</name>
         <load_address>0x3810</load_address>
         <run_address>0x3810</run_address>
         <size>0xb0</size>
         <input_file_ref idref="fl-6"/>
      </object_component>
      <object_component id="oc-62b">
         <name>.text:ReceiveSingleFrame</name>
         <load_address>0x38c0</load_address>
         <run_address>0x38c0</run_address>
         <size>0xb0</size>
         <input_file_ref idref="fl-7"/>
      </object_component>
      <object_component id="oc-3ee">
         <name>.text:pvPortMalloc</name>
         <load_address>0x3970</load_address>
         <run_address>0x3970</run_address>
         <size>0xac</size>
         <input_file_ref idref="fl-1a"/>
      </object_component>
      <object_component id="oc-432">
         <name>.text:MainFunctionTransmitChannel</name>
         <load_address>0x3a1c</load_address>
         <run_address>0x3a1c</run_address>
         <size>0xa8</size>
         <input_file_ref idref="fl-7"/>
      </object_component>
      <object_component id="oc-3ab">
         <name>.text:CAN_IRQHandler</name>
         <load_address>0x3ac4</load_address>
         <run_address>0x3ac4</run_address>
         <size>0xa0</size>
         <input_file_ref idref="fl-4"/>
      </object_component>
      <object_component id="oc-58">
         <name>.text</name>
         <load_address>0x3b64</load_address>
         <run_address>0x3b64</run_address>
         <size>0x9c</size>
         <input_file_ref idref="fl-eb"/>
      </object_component>
      <object_component id="oc-d3">
         <name>.text:main</name>
         <load_address>0x3c00</load_address>
         <run_address>0x3c00</run_address>
         <size>0x98</size>
         <input_file_ref idref="fl-2"/>
      </object_component>
      <object_component id="oc-6b6">
         <name>.text</name>
         <load_address>0x3c98</load_address>
         <run_address>0x3c98</run_address>
         <size>0x96</size>
         <input_file_ref idref="fl-e0"/>
      </object_component>
      <object_component id="oc-45c">
         <name>.text:_nop</name>
         <load_address>0x3d2e</load_address>
         <run_address>0x3d2e</run_address>
         <size>0x2</size>
         <input_file_ref idref="fl-f3"/>
      </object_component>
      <object_component id="oc-692">
         <name>.text:fputc</name>
         <load_address>0x3d30</load_address>
         <run_address>0x3d30</run_address>
         <size>0x8c</size>
         <input_file_ref idref="fl-d9"/>
      </object_component>
      <object_component id="oc-98">
         <name>.text:vTaskSwitchContext</name>
         <load_address>0x3dbc</load_address>
         <run_address>0x3dbc</run_address>
         <size>0x8c</size>
         <input_file_ref idref="fl-17"/>
      </object_component>
      <object_component id="oc-64c">
         <name>.text:__aeabi_cdcmple</name>
         <load_address>0x3e48</load_address>
         <run_address>0x3e48</run_address>
         <size>0x86</size>
         <input_file_ref idref="fl-e2"/>
      </object_component>
      <object_component id="oc-6c7">
         <name>.text:__aeabi_cdrcmple</name>
         <load_address>0x3ece</load_address>
         <run_address>0x3ece</run_address>
         <size>0x86</size>
         <input_file_ref idref="fl-e2"/>
      </object_component>
      <object_component id="oc-835">
         <name>.text:split</name>
         <load_address>0x3f54</load_address>
         <run_address>0x3f54</run_address>
         <size>0x7c</size>
         <input_file_ref idref="fl-fa"/>
      </object_component>
      <object_component id="oc-c7">
         <name>.text</name>
         <load_address>0x3fd0</load_address>
         <run_address>0x3fd0</run_address>
         <size>0x7a</size>
         <input_file_ref idref="fl-ee"/>
      </object_component>
      <object_component id="oc-4d5">
         <name>.text</name>
         <load_address>0x404a</load_address>
         <run_address>0x404a</run_address>
         <size>0x2</size>
         <input_file_ref idref="fl-105"/>
      </object_component>
      <object_component id="oc-4b9">
         <name>.text:CanIf_TxConfirmation</name>
         <load_address>0x404c</load_address>
         <run_address>0x404c</run_address>
         <size>0x78</size>
         <input_file_ref idref="fl-6"/>
      </object_component>
      <object_component id="oc-314">
         <name>.text:CanTp_MainFunction</name>
         <load_address>0x40c4</load_address>
         <run_address>0x40c4</run_address>
         <size>0x78</size>
         <input_file_ref idref="fl-7"/>
      </object_component>
      <object_component id="oc-61f">
         <name>.text:ReceiveFlowControlFrame</name>
         <load_address>0x413c</load_address>
         <run_address>0x413c</run_address>
         <size>0x74</size>
         <input_file_ref idref="fl-7"/>
      </object_component>
      <object_component id="oc-7f4">
         <name>.text:__TI_closefile</name>
         <load_address>0x41b0</load_address>
         <run_address>0x41b0</run_address>
         <size>0x74</size>
         <input_file_ref idref="fl-114"/>
      </object_component>
      <object_component id="oc-6dd">
         <name>.text:_mcpy</name>
         <load_address>0x4224</load_address>
         <run_address>0x4224</run_address>
         <size>0x6e</size>
         <input_file_ref idref="fl-d8"/>
      </object_component>
      <object_component id="oc-fc">
         <name>.text:vApplicationStackOverflowHook</name>
         <load_address>0x4292</load_address>
         <run_address>0x4292</run_address>
         <size>0x2</size>
         <input_file_ref idref="fl-2"/>
      </object_component>
      <object_component id="oc-818">
         <name>.text:HOSTlseek</name>
         <load_address>0x4294</load_address>
         <run_address>0x4294</run_address>
         <size>0x68</size>
         <input_file_ref idref="fl-10b"/>
      </object_component>
      <object_component id="oc-824">
         <name>.text:HOSTrename</name>
         <load_address>0x42fc</load_address>
         <run_address>0x42fc</run_address>
         <size>0x68</size>
         <input_file_ref idref="fl-10e"/>
      </object_component>
      <object_component id="oc-295">
         <name>.text:IntEnable</name>
         <load_address>0x4364</load_address>
         <run_address>0x4364</run_address>
         <size>0x68</size>
         <input_file_ref idref="fl-11e"/>
      </object_component>
      <object_component id="oc-12">
         <name>.text:decompress:lzss:__TI_decompress_lzss</name>
         <load_address>0x43cc</load_address>
         <run_address>0x43cc</run_address>
         <size>0x68</size>
         <input_file_ref idref="fl-f1"/>
      </object_component>
      <object_component id="oc-5a3">
         <name>.text:printf</name>
         <load_address>0x4434</load_address>
         <run_address>0x4434</run_address>
         <size>0x68</size>
         <input_file_ref idref="fl-d7"/>
      </object_component>
      <object_component id="oc-59d">
         <name>.text:PduR_CanTpCopyTxData</name>
         <load_address>0x449c</load_address>
         <run_address>0x449c</run_address>
         <size>0x64</size>
         <input_file_ref idref="fl-9"/>
      </object_component>
      <object_component id="oc-6f2">
         <name>.text:frexp</name>
         <load_address>0x4500</load_address>
         <run_address>0x4500</run_address>
         <size>0x64</size>
         <input_file_ref idref="fl-dd"/>
      </object_component>
      <object_component id="oc-778">
         <name>.text:fseek</name>
         <load_address>0x4564</load_address>
         <run_address>0x4564</run_address>
         <size>0x64</size>
         <input_file_ref idref="fl-104"/>
      </object_component>
      <object_component id="oc-726">
         <name>.text:__TI_wrt_ok</name>
         <load_address>0x45c8</load_address>
         <run_address>0x45c8</run_address>
         <size>0x62</size>
         <input_file_ref idref="fl-db"/>
      </object_component>
      <object_component id="oc-800">
         <name>.text:HOSTopen</name>
         <load_address>0x462c</load_address>
         <run_address>0x462c</run_address>
         <size>0x60</size>
         <input_file_ref idref="fl-10c"/>
      </object_component>
      <object_component id="oc-22f">
         <name>.text:UARTStdioConfig</name>
         <load_address>0x468c</load_address>
         <run_address>0x468c</run_address>
         <size>0x60</size>
         <input_file_ref idref="fl-1b"/>
      </object_component>
      <object_component id="oc-2fa">
         <name>.text:prvInitialiseTaskLists</name>
         <load_address>0x46ec</load_address>
         <run_address>0x46ec</run_address>
         <size>0x60</size>
         <input_file_ref idref="fl-17"/>
      </object_component>
      <object_component id="oc-169">
         <name>.text:vTaskStartScheduler</name>
         <load_address>0x474c</load_address>
         <run_address>0x474c</run_address>
         <size>0x60</size>
         <input_file_ref idref="fl-17"/>
      </object_component>
      <object_component id="oc-151">
         <name>.text:CanIf_SetPduMode</name>
         <load_address>0x47ac</load_address>
         <run_address>0x47ac</run_address>
         <size>0x5c</size>
         <input_file_ref idref="fl-6"/>
      </object_component>
      <object_component id="oc-387">
         <name>.text:_CANIntNumberGet</name>
         <load_address>0x4808</load_address>
         <run_address>0x4808</run_address>
         <size>0x5c</size>
         <input_file_ref idref="fl-11c"/>
      </object_component>
      <object_component id="oc-83c">
         <name>.text:close</name>
         <load_address>0x4864</load_address>
         <run_address>0x4864</run_address>
         <size>0x5c</size>
         <input_file_ref idref="fl-11a"/>
      </object_component>
      <object_component id="oc-31a">
         <name>.text:vTaskDelay</name>
         <load_address>0x48c0</load_address>
         <run_address>0x48c0</run_address>
         <size>0x5c</size>
         <input_file_ref idref="fl-17"/>
      </object_component>
      <object_component id="oc-5bd">
         <name>.text:ComputeBlockSize</name>
         <load_address>0x491c</load_address>
         <run_address>0x491c</run_address>
         <size>0x5a</size>
         <input_file_ref idref="fl-7"/>
      </object_component>
      <object_component id="oc-242">
         <name>.text:CANBitTimingSet</name>
         <load_address>0x4976</load_address>
         <run_address>0x4976</run_address>
         <size>0x58</size>
         <input_file_ref idref="fl-11c"/>
      </object_component>
      <object_component id="oc-80c">
         <name>.text:HOSTread</name>
         <load_address>0x49d0</load_address>
         <run_address>0x49d0</run_address>
         <size>0x58</size>
         <input_file_ref idref="fl-10d"/>
      </object_component>
      <object_component id="oc-812">
         <name>.text:HOSTwrite</name>
         <load_address>0x4a28</load_address>
         <run_address>0x4a28</run_address>
         <size>0x58</size>
         <input_file_ref idref="fl-110"/>
      </object_component>
      <object_component id="oc-42b">
         <name>.text:prvCheckTasksWaitingTermination</name>
         <load_address>0x4a80</load_address>
         <run_address>0x4a80</run_address>
         <size>0x58</size>
         <input_file_ref idref="fl-17"/>
      </object_component>
      <object_component id="oc-657">
         <name>.text:_pconv_f</name>
         <load_address>0x4ad8</load_address>
         <run_address>0x4ad8</run_address>
         <size>0x56</size>
         <input_file_ref idref="fl-d8"/>
      </object_component>
      <object_component id="oc-2e8">
         <name>.text:prvInitialiseTCBVariables</name>
         <load_address>0x4b2e</load_address>
         <run_address>0x4b2e</run_address>
         <size>0x56</size>
         <input_file_ref idref="fl-17"/>
      </object_component>
      <object_component id="oc-6cc">
         <name>.text:ltoa</name>
         <load_address>0x4b84</load_address>
         <run_address>0x4b84</run_address>
         <size>0x54</size>
         <input_file_ref idref="fl-f7"/>
      </object_component>
      <object_component id="oc-6d7">
         <name>.text:_ecpy</name>
         <load_address>0x4bd8</load_address>
         <run_address>0x4bd8</run_address>
         <size>0x52</size>
         <input_file_ref idref="fl-d8"/>
      </object_component>
      <object_component id="oc-139">
         <name>.text:InitConsole</name>
         <load_address>0x4c2c</load_address>
         <run_address>0x4c2c</run_address>
         <size>0x50</size>
         <input_file_ref idref="fl-2"/>
      </object_component>
      <object_component id="oc-133">
         <name>.text:Can_Mcu_Init</name>
         <load_address>0x4c7c</load_address>
         <run_address>0x4c7c</run_address>
         <size>0x4c</size>
         <input_file_ref idref="fl-2"/>
      </object_component>
      <object_component id="oc-732">
         <name>.text:__TI_doflush</name>
         <load_address>0x4cc8</load_address>
         <run_address>0x4cc8</run_address>
         <size>0x4c</size>
         <input_file_ref idref="fl-102"/>
      </object_component>
      <object_component id="oc-640">
         <name>.text:atoi</name>
         <load_address>0x4d14</load_address>
         <run_address>0x4d14</run_address>
         <size>0x4c</size>
         <input_file_ref idref="fl-f4"/>
      </object_component>
      <object_component id="oc-447">
         <name>.text:prvAddCurrentTaskToDelayedList</name>
         <load_address>0x4d60</load_address>
         <run_address>0x4d60</run_address>
         <size>0x4c</size>
         <input_file_ref idref="fl-17"/>
      </object_component>
      <object_component id="oc-216">
         <name>.text:GPIOPinConfigure</name>
         <load_address>0x4dac</load_address>
         <run_address>0x4dac</run_address>
         <size>0x48</size>
         <input_file_ref idref="fl-11d"/>
      </object_component>
      <object_component id="oc-3e0">
         <name>.text:UARTwrite</name>
         <load_address>0x4df4</load_address>
         <run_address>0x4df4</run_address>
         <size>0x48</size>
         <input_file_ref idref="fl-1b"/>
      </object_component>
      <object_component id="oc-182">
         <name>.text:exit</name>
         <load_address>0x4e3c</load_address>
         <run_address>0x4e3c</run_address>
         <size>0x48</size>
         <input_file_ref idref="fl-f2"/>
      </object_component>
      <object_component id="oc-5c3">
         <name>.text</name>
         <load_address>0x4e84</load_address>
         <run_address>0x4e84</run_address>
         <size>0x48</size>
         <input_file_ref idref="fl-e5"/>
      </object_component>
      <object_component id="oc-806">
         <name>.text:HOSTclose</name>
         <load_address>0x4ecc</load_address>
         <run_address>0x4ecc</run_address>
         <size>0x44</size>
         <input_file_ref idref="fl-10a"/>
      </object_component>
      <object_component id="oc-81e">
         <name>.text:HOSTunlink</name>
         <load_address>0x4f10</load_address>
         <run_address>0x4f10</run_address>
         <size>0x44</size>
         <input_file_ref idref="fl-10f"/>
      </object_component>
      <object_component id="oc-188">
         <name>.text:__TI_auto_init_nobinit_nopinit:__TI_auto_init_nobinit_nopinit</name>
         <load_address>0x4f54</load_address>
         <run_address>0x4f54</run_address>
         <size>0x44</size>
         <input_file_ref idref="fl-106"/>
      </object_component>
      <object_component id="oc-874">
         <name>.text:getdevice</name>
         <load_address>0x4f98</load_address>
         <run_address>0x4f98</run_address>
         <size>0x44</size>
         <input_file_ref idref="fl-115"/>
      </object_component>
      <object_component id="oc-50e">
         <name>.text</name>
         <load_address>0x4fdc</load_address>
         <run_address>0x4fdc</run_address>
         <size>0x44</size>
         <input_file_ref idref="fl-e6"/>
      </object_component>
      <object_component id="oc-3f4">
         <name>.text:vPortFree</name>
         <load_address>0x5020</load_address>
         <run_address>0x5020</run_address>
         <size>0x44</size>
         <input_file_ref idref="fl-1a"/>
      </object_component>
      <object_component id="oc-157">
         <name>.text:CanTp_Init</name>
         <load_address>0x5064</load_address>
         <run_address>0x5064</run_address>
         <size>0x40</size>
         <input_file_ref idref="fl-7"/>
      </object_component>
      <object_component id="oc-2b1">
         <name>.text:Can_GetControllerMode</name>
         <load_address>0x50a4</load_address>
         <run_address>0x50a4</run_address>
         <size>0x40</size>
         <input_file_ref idref="fl-4"/>
      </object_component>
      <object_component id="oc-175">
         <name>.text:Task_2</name>
         <load_address>0x50e4</load_address>
         <run_address>0x50e4</run_address>
         <size>0x40</size>
         <input_file_ref idref="fl-2"/>
      </object_component>
      <object_component id="oc-3e6">
         <name>.text</name>
         <load_address>0x5124</load_address>
         <run_address>0x5124</run_address>
         <size>0x40</size>
         <input_file_ref idref="fl-ed"/>
      </object_component>
      <object_component id="oc-307">
         <name>.text:xPortStartScheduler</name>
         <load_address>0x5164</load_address>
         <run_address>0x5164</run_address>
         <size>0x40</size>
         <input_file_ref idref="fl-18"/>
      </object_component>
      <object_component id="oc-6ea">
         <name>.text:_fcpy</name>
         <load_address>0x51a4</load_address>
         <run_address>0x51a4</run_address>
         <size>0x3e</size>
         <input_file_ref idref="fl-d8"/>
      </object_component>
      <object_component id="oc-236">
         <name>.text:CANInit</name>
         <load_address>0x51e2</load_address>
         <run_address>0x51e2</run_address>
         <size>0x3a</size>
         <input_file_ref idref="fl-11c"/>
      </object_component>
      <object_component id="oc-2e2">
         <name>.text:prvAllocateTCBAndStack</name>
         <load_address>0x521c</load_address>
         <run_address>0x521c</run_address>
         <size>0x3a</size>
         <input_file_ref idref="fl-17"/>
      </object_component>
      <object_component id="oc-84d">
         <name>.text:__TI_writemsg</name>
         <load_address>0x5258</load_address>
         <run_address>0x5258</run_address>
         <size>0x38</size>
         <input_file_ref idref="fl-111"/>
      </object_component>
      <object_component id="oc-53b">
         <name>.text:vListInsert</name>
         <load_address>0x5290</load_address>
         <run_address>0x5290</run_address>
         <size>0x38</size>
         <input_file_ref idref="fl-15"/>
      </object_component>
      <object_component id="oc-896">
         <name>.text:strncpy</name>
         <load_address>0x52c8</load_address>
         <run_address>0x52c8</run_address>
         <size>0x36</size>
         <input_file_ref idref="fl-118"/>
      </object_component>
      <object_component id="oc-38d">
         <name>.text:IntRegister</name>
         <load_address>0x5300</load_address>
         <run_address>0x5300</run_address>
         <size>0x34</size>
         <input_file_ref idref="fl-11e"/>
      </object_component>
      <object_component id="oc-210">
         <name>.text:SysCtlPeripheralEnable</name>
         <load_address>0x5334</load_address>
         <run_address>0x5334</run_address>
         <size>0x34</size>
         <input_file_ref idref="fl-11f"/>
      </object_component>
      <object_component id="oc-7b7">
         <name>.text:__TI_cleanup</name>
         <load_address>0x5368</load_address>
         <run_address>0x5368</run_address>
         <size>0x34</size>
         <input_file_ref idref="fl-103"/>
      </object_component>
      <object_component id="oc-853">
         <name>.text:__TI_readmsg</name>
         <load_address>0x539c</load_address>
         <run_address>0x539c</run_address>
         <size>0x34</size>
         <input_file_ref idref="fl-111"/>
      </object_component>
      <object_component id="oc-76">
         <name>.text:_c_int00_noargs:_c_int00_noargs</name>
         <load_address>0x53d0</load_address>
         <run_address>0x53d0</run_address>
         <size>0x34</size>
         <input_file_ref idref="fl-100"/>
      </object_component>
      <object_component id="oc-89c">
         <name>.text:finddevice</name>
         <load_address>0x5404</load_address>
         <run_address>0x5404</run_address>
         <size>0x30</size>
         <input_file_ref idref="fl-115"/>
      </object_component>
      <object_component id="oc-4db">
         <name>.text:prvHeapInit</name>
         <load_address>0x5434</load_address>
         <run_address>0x5434</run_address>
         <size>0x30</size>
         <input_file_ref idref="fl-1a"/>
      </object_component>
      <object_component id="oc-6d2">
         <name>.text</name>
         <load_address>0x5464</load_address>
         <run_address>0x5464</run_address>
         <size>0x2e</size>
         <input_file_ref idref="fl-e8"/>
      </object_component>
      <object_component id="oc-842">
         <name>.text:unlink</name>
         <load_address>0x5494</load_address>
         <run_address>0x5494</run_address>
         <size>0x2c</size>
         <input_file_ref idref="fl-11b"/>
      </object_component>
      <object_component id="oc-44">
         <name>.text:xPortSysTickHandler</name>
         <load_address>0x54c0</load_address>
         <run_address>0x54c0</run_address>
         <size>0x2c</size>
         <input_file_ref idref="fl-18"/>
      </object_component>
      <object_component id="oc-363">
         <name>.text:GPIODirModeSet</name>
         <load_address>0x54ec</load_address>
         <run_address>0x54ec</run_address>
         <size>0x2a</size>
         <input_file_ref idref="fl-11d"/>
      </object_component>
      <object_component id="oc-56a">
         <name>.text:_CANDataRegRead</name>
         <load_address>0x5516</load_address>
         <run_address>0x5516</run_address>
         <size>0x2a</size>
         <input_file_ref idref="fl-11c"/>
      </object_component>
      <object_component id="oc-577">
         <name>.text:CanTp_RxIndication</name>
         <load_address>0x5540</load_address>
         <run_address>0x5540</run_address>
         <size>0x28</size>
         <input_file_ref idref="fl-7"/>
      </object_component>
      <object_component id="oc-254">
         <name>.text:Det_ReportError</name>
         <load_address>0x5568</load_address>
         <run_address>0x5568</run_address>
         <size>0x28</size>
         <input_file_ref idref="fl-a"/>
      </object_component>
      <object_component id="oc-7e6">
         <name>.text:free_list_insert</name>
         <load_address>0x5590</load_address>
         <run_address>0x5590</run_address>
         <size>0x28</size>
         <input_file_ref idref="fl-fa"/>
      </object_component>
      <object_component id="oc-7a3">
         <name>.text:lseek</name>
         <load_address>0x55b8</load_address>
         <run_address>0x55b8</run_address>
         <size>0x28</size>
         <input_file_ref idref="fl-113"/>
      </object_component>
      <object_component id="oc-106">
         <name>.text:prvResetNextTaskUnblockTime</name>
         <load_address>0x55e0</load_address>
         <run_address>0x55e0</run_address>
         <size>0x28</size>
         <input_file_ref idref="fl-17"/>
      </object_component>
      <object_component id="oc-2ee">
         <name>.text:pxPortInitialiseStack</name>
         <load_address>0x5608</load_address>
         <run_address>0x5608</run_address>
         <size>0x28</size>
         <input_file_ref idref="fl-18"/>
      </object_component>
      <object_component id="oc-738">
         <name>.text:write</name>
         <load_address>0x5630</load_address>
         <run_address>0x5630</run_address>
         <size>0x28</size>
         <input_file_ref idref="fl-fd"/>
      </object_component>
      <object_component id="oc-26c">
         <name>.text:Can0_InterruptHandler</name>
         <load_address>0x5658</load_address>
         <run_address>0x5658</run_address>
         <size>0x24</size>
         <input_file_ref idref="fl-5"/>
      </object_component>
      <object_component id="oc-266">
         <name>.text:Can1_InterruptHandler</name>
         <load_address>0x567c</load_address>
         <run_address>0x567c</run_address>
         <size>0x24</size>
         <input_file_ref idref="fl-5"/>
      </object_component>
      <object_component id="oc-4a0">
         <name>.text:_CANDataRegWrite</name>
         <load_address>0x56a0</load_address>
         <run_address>0x56a0</run_address>
         <size>0x24</size>
         <input_file_ref idref="fl-11c"/>
      </object_component>
      <object_component id="oc-4b3">
         <name>.text:CANIntClear</name>
         <load_address>0x56c4</load_address>
         <run_address>0x56c4</run_address>
         <size>0x22</size>
         <input_file_ref idref="fl-11c"/>
      </object_component>
      <object_component id="oc-5a9">
         <name>.text:PadFrame</name>
         <load_address>0x56e6</load_address>
         <run_address>0x56e6</run_address>
         <size>0x22</size>
         <input_file_ref idref="fl-7"/>
      </object_component>
      <object_component id="oc-4ad">
         <name>.text:CANIntStatus</name>
         <load_address>0x5708</load_address>
         <run_address>0x5708</run_address>
         <size>0x20</size>
         <input_file_ref idref="fl-11c"/>
      </object_component>
      <object_component id="oc-145">
         <name>.text:CanIf_Init</name>
         <load_address>0x5728</load_address>
         <run_address>0x5728</run_address>
         <size>0x20</size>
         <input_file_ref idref="fl-6"/>
      </object_component>
      <object_component id="oc-72c">
         <name>.text:memchr</name>
         <load_address>0x5748</load_address>
         <run_address>0x5748</run_address>
         <size>0x20</size>
         <input_file_ref idref="fl-f9"/>
      </object_component>
      <object_component id="oc-504">
         <name>.text</name>
         <load_address>0x5768</load_address>
         <run_address>0x5768</run_address>
         <size>0x20</size>
         <input_file_ref idref="fl-ec"/>
      </object_component>
      <object_component id="oc-10c">
         <name>.text:uxListRemove</name>
         <load_address>0x5788</load_address>
         <run_address>0x5788</run_address>
         <size>0x20</size>
         <input_file_ref idref="fl-15"/>
      </object_component>
      <object_component id="oc-2bb">
         <name>.text:StartNewTransmission</name>
         <load_address>0x57a8</load_address>
         <run_address>0x57a8</run_address>
         <size>0x1e</size>
         <input_file_ref idref="fl-7"/>
      </object_component>
      <object_component id="oc-2c1">
         <name>.text:StartNewReception</name>
         <load_address>0x57c6</load_address>
         <run_address>0x57c6</run_address>
         <size>0x1c</size>
         <input_file_ref idref="fl-7"/>
      </object_component>
      <object_component id="oc-7e0">
         <name>.text:free_list_remove</name>
         <load_address>0x57e4</load_address>
         <run_address>0x57e4</run_address>
         <size>0x1c</size>
         <input_file_ref idref="fl-fa"/>
      </object_component>
      <object_component id="oc-669">
         <name>.text:memccpy</name>
         <load_address>0x5800</load_address>
         <run_address>0x5800</run_address>
         <size>0x1c</size>
         <input_file_ref idref="fl-f8"/>
      </object_component>
      <object_component id="oc-2f4">
         <name>.text:vPortEnterCritical</name>
         <load_address>0x581c</load_address>
         <run_address>0x581c</run_address>
         <size>0x1c</size>
         <input_file_ref idref="fl-18"/>
      </object_component>
      <object_component id="oc-15d">
         <name>.text:UARTprintf</name>
         <load_address>0x5838</load_address>
         <run_address>0x5838</run_address>
         <size>0x1a</size>
         <input_file_ref idref="fl-1b"/>
      </object_component>
      <object_component id="oc-75c">
         <name>.text:copysign</name>
         <load_address>0x5852</load_address>
         <run_address>0x5852</run_address>
         <size>0x1a</size>
         <input_file_ref idref="fl-df"/>
      </object_component>
      <object_component id="oc-248">
         <name>.text:CANIntRegister</name>
         <load_address>0x586c</load_address>
         <run_address>0x586c</run_address>
         <size>0x18</size>
         <input_file_ref idref="fl-11c"/>
      </object_component>
      <object_component id="oc-8b3">
         <name>.text:strcmp</name>
         <load_address>0x5884</load_address>
         <run_address>0x5884</run_address>
         <size>0x18</size>
         <input_file_ref idref="fl-116"/>
      </object_component>
      <object_component id="oc-112">
         <name>.text:vListInsertEnd</name>
         <load_address>0x589c</load_address>
         <run_address>0x589c</run_address>
         <size>0x18</size>
         <input_file_ref idref="fl-15"/>
      </object_component>
      <object_component id="oc-300">
         <name>.text:vPortExitCritical</name>
         <load_address>0x58b4</load_address>
         <run_address>0x58b4</run_address>
         <size>0x18</size>
         <input_file_ref idref="fl-18"/>
      </object_component>
      <object_component id="oc-6fe">
         <name>.text:strchr</name>
         <load_address>0x58cc</load_address>
         <run_address>0x58cc</run_address>
         <size>0x16</size>
         <input_file_ref idref="fl-fb"/>
      </object_component>
      <object_component id="oc-40d">
         <name>.text:vListInitialise</name>
         <load_address>0x58e2</load_address>
         <run_address>0x58e2</run_address>
         <size>0x16</size>
         <input_file_ref idref="fl-15"/>
      </object_component>
      <object_component id="oc-867">
         <name>.text:strcpy</name>
         <load_address>0x58f8</load_address>
         <run_address>0x58f8</run_address>
         <size>0x14</size>
         <input_file_ref idref="fl-117"/>
      </object_component>
      <object_component id="oc-63a">
         <name>.text:strlen</name>
         <load_address>0x590c</load_address>
         <run_address>0x590c</run_address>
         <size>0x14</size>
         <input_file_ref idref="fl-fc"/>
      </object_component>
      <object_component id="oc-424">
         <name>.text:vPortSetupTimerInterrupt</name>
         <load_address>0x5920</load_address>
         <run_address>0x5920</run_address>
         <size>0x14</size>
         <input_file_ref idref="fl-18"/>
      </object_component>
      <object_component id="oc-21c">
         <name>.text:GPIOPinTypeCAN</name>
         <load_address>0x5934</load_address>
         <run_address>0x5934</run_address>
         <size>0x12</size>
         <input_file_ref idref="fl-11d"/>
      </object_component>
      <object_component id="oc-229">
         <name>.text:GPIOPinTypeUART</name>
         <load_address>0x5946</load_address>
         <run_address>0x5946</run_address>
         <size>0x12</size>
         <input_file_ref idref="fl-11d"/>
      </object_component>
      <object_component id="oc-4fd">
         <name>.text:prvDeleteTCB</name>
         <load_address>0x5958</load_address>
         <run_address>0x5958</run_address>
         <size>0x12</size>
         <input_file_ref idref="fl-17"/>
      </object_component>
      <object_component id="oc-66f">
         <name>.text:wcslen</name>
         <load_address>0x596a</load_address>
         <run_address>0x596a</run_address>
         <size>0x12</size>
         <input_file_ref idref="fl-101"/>
      </object_component>
      <object_component id="oc-16f">
         <name>.text:Task_1</name>
         <load_address>0x597c</load_address>
         <run_address>0x597c</run_address>
         <size>0x10</size>
         <input_file_ref idref="fl-2"/>
      </object_component>
      <object_component id="oc-402">
         <name>.text:prvTaskExitError</name>
         <load_address>0x598c</load_address>
         <run_address>0x598c</run_address>
         <size>0x10</size>
         <input_file_ref idref="fl-18"/>
      </object_component>
      <object_component id="oc-441">
         <name>.text:vTaskSuspendAll</name>
         <load_address>0x599c</load_address>
         <run_address>0x599c</run_address>
         <size>0x10</size>
         <input_file_ref idref="fl-17"/>
      </object_component>
      <object_component id="oc-18">
         <name>.text:decompress:none:__TI_decompress_none</name>
         <load_address>0x59ac</load_address>
         <run_address>0x59ac</run_address>
         <size>0xe</size>
         <input_file_ref idref="fl-f0"/>
      </object_component>
      <object_component id="oc-52f">
         <name>.text:PduR_CanTpCopyRxData</name>
         <load_address>0x59ba</load_address>
         <run_address>0x59ba</run_address>
         <size>0xc</size>
         <input_file_ref idref="fl-9"/>
      </object_component>
      <object_component id="oc-6a">
         <name>.text:decompress:ZI:__TI_zero_init</name>
         <load_address>0x59c6</load_address>
         <run_address>0x59c6</run_address>
         <size>0xc</size>
         <input_file_ref idref="fl-ef"/>
      </object_component>
      <object_component id="oc-283">
         <name>.text:CANDisable</name>
         <load_address>0x59d2</load_address>
         <run_address>0x59d2</run_address>
         <size>0xa</size>
         <input_file_ref idref="fl-11c"/>
      </object_component>
      <object_component id="oc-29b">
         <name>.text:CANEnable</name>
         <load_address>0x59dc</load_address>
         <run_address>0x59dc</run_address>
         <size>0xa</size>
         <input_file_ref idref="fl-11c"/>
      </object_component>
      <object_component id="oc-289">
         <name>.text:CANIntDisable</name>
         <load_address>0x59e6</load_address>
         <run_address>0x59e6</run_address>
         <size>0xa</size>
         <input_file_ref idref="fl-11c"/>
      </object_component>
      <object_component id="oc-28f">
         <name>.text:CANIntEnable</name>
         <load_address>0x59f0</load_address>
         <run_address>0x59f0</run_address>
         <size>0x8</size>
         <input_file_ref idref="fl-11c"/>
      </object_component>
      <object_component id="oc-6a7">
         <name>.text:PduR_CanTpStartOfReception</name>
         <load_address>0x59f8</load_address>
         <run_address>0x59f8</run_address>
         <size>0x8</size>
         <input_file_ref idref="fl-9"/>
      </object_component>
      <object_component id="oc-675">
         <name>.text:__aeabi_errno_addr</name>
         <load_address>0x5a00</load_address>
         <run_address>0x5a00</run_address>
         <size>0x8</size>
         <input_file_ref idref="fl-ff"/>
      </object_component>
      <object_component id="oc-7b1">
         <name>.text:malloc</name>
         <load_address>0x5a08</load_address>
         <run_address>0x5a08</run_address>
         <size>0x8</size>
         <input_file_ref idref="fl-fa"/>
      </object_component>
      <object_component id="oc-30d">
         <name>.text:prvIdleTask</name>
         <load_address>0x5a10</load_address>
         <run_address>0x5a10</run_address>
         <size>0x8</size>
         <input_file_ref idref="fl-17"/>
      </object_component>
      <object_component id="oc-27">
         <name>.text:ResetISR</name>
         <load_address>0x5a18</load_address>
         <run_address>0x5a18</run_address>
         <size>0x6</size>
         <input_file_ref idref="fl-12"/>
      </object_component>
      <object_component id="oc-355">
         <name>.text:SysCtlDelay</name>
         <load_address>0x5a1e</load_address>
         <run_address>0x5a1e</run_address>
         <size>0x6</size>
         <input_file_ref idref="fl-11f"/>
      </object_component>
      <object_component id="oc-223">
         <name>.text:UARTClockSourceSet</name>
         <load_address>0x5a24</load_address>
         <run_address>0x5a24</run_address>
         <size>0x6</size>
         <input_file_ref idref="fl-120"/>
      </object_component>
      <object_component id="oc-3fb">
         <name>.text:vListInitialiseItem</name>
         <load_address>0x5a2a</load_address>
         <run_address>0x5a2a</run_address>
         <size>0x6</size>
         <input_file_ref idref="fl-15"/>
      </object_component>
      <object_component id="oc-5fd">
         <name>.text:_outc</name>
         <load_address>0x5a30</load_address>
         <run_address>0x5a30</run_address>
         <size>0x4</size>
         <input_file_ref idref="fl-d7"/>
      </object_component>
      <object_component id="oc-5f7">
         <name>.text:_outs</name>
         <load_address>0x5a34</load_address>
         <run_address>0x5a34</run_address>
         <size>0x4</size>
         <input_file_ref idref="fl-d7"/>
      </object_component>
      <object_component id="oc-cd">
         <name>.text:_system_pre_init</name>
         <load_address>0x5a38</load_address>
         <run_address>0x5a38</run_address>
         <size>0x4</size>
         <input_file_ref idref="fl-107"/>
      </object_component>
      <object_component id="oc-17c">
         <name>.text:abort:abort</name>
         <load_address>0x5a3c</load_address>
         <run_address>0x5a3c</run_address>
         <size>0x4</size>
         <input_file_ref idref="fl-f2"/>
      </object_component>
      <object_component id="oc-6b1">
         <name>.const:.string:_ctypes_</name>
         <load_address>0x5a40</load_address>
         <run_address>0x5a40</run_address>
         <size>0x101</size>
         <input_file_ref idref="fl-f5"/>
      </object_component>
      <object_component id="oc-35e">
         <name>.const:g_pui32GPIOBaseAddrs</name>
         <load_address>0x5b44</load_address>
         <run_address>0x5b44</run_address>
         <size>0x90</size>
         <input_file_ref idref="fl-11d"/>
      </object_component>
      <object_component id="oc-95">
         <name>.const</name>
         <load_address>0x5bd4</load_address>
         <run_address>0x5bd4</run_address>
         <size>0x4</size>
         <input_file_ref idref="fl-18"/>
      </object_component>
      <object_component id="oc-43a">
         <name>.const:CanTpRxNSdu</name>
         <load_address>0x5bd8</load_address>
         <run_address>0x5bd8</run_address>
         <size>0x80</size>
         <input_file_ref idref="fl-d"/>
      </object_component>
      <object_component id="oc-3bc">
         <name>.const</name>
         <load_address>0x5c58</load_address>
         <run_address>0x5c58</run_address>
         <size>0x70</size>
         <input_file_ref idref="fl-11e"/>
      </object_component>
      <object_component id="oc-382">
         <name>.const:g_pui32Xtals</name>
         <load_address>0x5cc8</load_address>
         <run_address>0x5cc8</run_address>
         <size>0x6c</size>
         <input_file_ref idref="fl-11f"/>
      </object_component>
      <object_component id="oc-43d">
         <name>.const:CanTpTxNSdu</name>
         <load_address>0x5d38</load_address>
         <run_address>0x5d38</run_address>
         <size>0x50</size>
         <input_file_ref idref="fl-d"/>
      </object_component>
      <object_component id="oc-260">
         <name>.const:CanControllerBaudrateConfig</name>
         <load_address>0x5d88</load_address>
         <run_address>0x5d88</run_address>
         <size>0x48</size>
         <input_file_ref idref="fl-e"/>
      </object_component>
      <object_component id="oc-327">
         <name>.const:.string:$P$T0$1</name>
         <load_address>0x5dd0</load_address>
         <run_address>0x5dd0</run_address>
         <size>0x11</size>
         <input_file_ref idref="fl-2"/>
      </object_component>
      <object_component id="oc-5e9">
         <name>.const:.string:$P$T0$2</name>
         <load_address>0x5de1</load_address>
         <run_address>0x5de1</run_address>
         <size>0x11</size>
         <input_file_ref idref="fl-9"/>
      </object_component>
      <object_component id="oc-60c">
         <name>.const:$P$T0$1</name>
         <load_address>0x5df4</load_address>
         <run_address>0x5df4</run_address>
         <size>0xc</size>
         <input_file_ref idref="fl-6"/>
      </object_component>
      <object_component id="oc-376">
         <name>.const:g_ui32UARTBase</name>
         <load_address>0x5e00</load_address>
         <run_address>0x5e00</run_address>
         <size>0xc</size>
         <input_file_ref idref="fl-1b"/>
      </object_component>
      <object_component id="oc-373">
         <name>.const:g_ui32UARTPeriph</name>
         <load_address>0x5e0c</load_address>
         <run_address>0x5e0c</run_address>
         <size>0xc</size>
         <input_file_ref idref="fl-1b"/>
      </object_component>
      <object_component id="oc-583">
         <name>.const:CanIf_UpperLayerUser_LookUpTable_Rx</name>
         <load_address>0x5e18</load_address>
         <run_address>0x5e18</run_address>
         <size>0xa</size>
         <input_file_ref idref="fl-10"/>
      </object_component>
      <object_component id="oc-566">
         <name>.const:CanIf_UpperLayerUser_LookUpTable_Tx</name>
         <load_address>0x5e22</load_address>
         <run_address>0x5e22</run_address>
         <size>0x8</size>
         <input_file_ref idref="fl-10"/>
      </object_component>
      <object_component id="oc-5b5">
         <name>.const:CanTp_LowerLayerUser_LookUpTable_Tx</name>
         <load_address>0x5e2a</load_address>
         <run_address>0x5e2a</run_address>
         <size>0x8</size>
         <input_file_ref idref="fl-10"/>
      </object_component>
      <object_component id="oc-8ec">
         <name>.cinit..data.load</name>
         <load_address>0x5e38</load_address>
         <run_address>0x5e38</run_address>
         <size>0xd4</size>
      </object_component>
      <object_component id="oc-8e9">
         <name>__TI_handler_table</name>
         <load_address>0x5f0c</load_address>
         <run_address>0x5f0c</run_address>
         <size>0xc</size>
      </object_component>
      <object_component id="oc-8ed">
         <name>.cinit..bss.load</name>
         <load_address>0x5f18</load_address>
         <run_address>0x5f18</run_address>
         <size>0x8</size>
      </object_component>
      <object_component id="oc-8eb">
         <name>.cinit..vtable.load</name>
         <load_address>0x5f20</load_address>
         <run_address>0x5f20</run_address>
         <size>0x8</size>
      </object_component>
      <object_component id="oc-8ea">
         <name>__TI_cinit_table</name>
         <load_address>0x5f28</load_address>
         <run_address>0x5f28</run_address>
         <size>0x18</size>
      </object_component>
      <object_component id="oc-49c">
         <name>.vtable</name>
         <uninitialized>true</uninitialized>
         <run_address>0x20000000</run_address>
         <size>0x26c</size>
[...]
         <object_component_ref idref="oc-726"/>
      </symbol>
      <symbol id="sm-9ae">
         <name>setvbuf</name>
         <value>0x34e1</value>
         <object_component_ref idref="oc-77e"/>
      </symbol>
      <symbol id="sm-9ce">
         <name>frexpl</name>
         <value>0x4501</value>
         <object_component_ref idref="oc-6f2"/>
      </symbol>
      <symbol id="sm-9cf">
         <name>frexp</name>
         <value>0x4501</value>
         <object_component_ref idref="oc-6f2"/>
      </symbol>
      <symbol id="sm-9ec">
         <name>scalbn</name>
         <value>0x284d</value>
         <object_component_ref idref="oc-6f8"/>
      </symbol>
      <symbol id="sm-9ed">
         <name>scalbnl</name>
         <value>0x284d</value>
         <object_component_ref idref="oc-6f8"/>
      </symbol>
      <symbol id="sm-9ee">
         <name>ldexpl</name>
         <value>0x284d</value>
         <object_component_ref idref="oc-6f8"/>
      </symbol>
      <symbol id="sm-9ef">
         <name>ldexp</name>
         <value>0x284d</value>
         <object_component_ref idref="oc-6f8"/>
      </symbol>
      <symbol id="sm-9f9">
         <name>copysign</name>
         <value>0x5853</value>
         <object_component_ref idref="oc-75c"/>
      </symbol>
      <symbol id="sm-9fa">
         <name>copysignl</name>
         <value>0x5853</value>
         <object_component_ref idref="oc-75c"/>
      </symbol>
      <symbol id="sm-a07">
         <name>__aeabi_uldivmod</name>
         <value>0x3c99</value>
         <object_component_ref idref="oc-6b6"/>
      </symbol>
      <symbol id="sm-a1e">
         <name>__aeabi_dsub</name>
         <value>0x1515</value>
         <object_component_ref idref="oc-509"/>
      </symbol>
      <symbol id="sm-a1f">
         <name>__aeabi_dadd</name>
         <value>0x151f</value>
         <object_component_ref idref="oc-509"/>
      </symbol>
      <symbol id="sm-a41">
         <name>__aeabi_cdcmpeq</name>
         <value>0x3e49</value>
         <object_component_ref idref="oc-64c"/>
      </symbol>
      <symbol id="sm-a42">
         <name>__aeabi_cdcmple</name>
         <value>0x3e49</value>
         <object_component_ref idref="oc-64c"/>
      </symbol>
      <symbol id="sm-a43">
         <name>__aeabi_cdrcmple</name>
         <value>0x3ecf</value>
         <object_component_ref idref="oc-6c7"/>
      </symbol>
      <symbol id="sm-a57">
         <name>__aeabi_ddiv</name>
         <value>0x1bc7</value>
         <object_component_ref idref="oc-6c2"/>
      </symbol>
      <symbol id="sm-a62">
         <name>__aeabi_dmul</name>
         <value>0x2d75</value>
         <object_component_ref idref="oc-6bd"/>
      </symbol>
      <symbol id="sm-a6c">
         <name>__aeabi_d2iz</name>
         <value>0x4e85</value>
         <object_component_ref idref="oc-5c3"/>
      </symbol>
      <symbol id="sm-a76">
         <name>__aeabi_d2uiz</name>
         <value>0x4fdd</value>
         <object_component_ref idref="oc-50e"/>
      </symbol>
      <symbol id="sm-a81">
         <name>__aeabi_i2d</name>
         <value>0x5465</value>
         <object_component_ref idref="oc-6d2"/>
      </symbol>
      <symbol id="sm-a9e">
         <name>memcpy</name>
         <value>0x3b65</value>
         <object_component_ref idref="oc-58"/>
      </symbol>
      <symbol id="sm-a9f">
         <name>__aeabi_memcpy</name>
         <value>0x3b65</value>
         <object_component_ref idref="oc-58"/>
      </symbol>
      <symbol id="sm-aa0">
         <name>__aeabi_memcpy8</name>
         <value>0x3b65</value>
         <object_component_ref idref="oc-58"/>
      </symbol>
      <symbol id="sm-aa1">
         <name>__aeabi_memcpy4</name>
         <value>0x3b65</value>
         <object_component_ref idref="oc-58"/>
      </symbol>
      <symbol id="sm-aab">
         <name>__aeabi_ui2d</name>
         <value>0x5769</value>
         <object_component_ref idref="oc-504"/>
      </symbol>
      <symbol id="sm-aba">
         <name>__aeabi_uidivmod</name>
         <value>0x5125</value>
         <object_component_ref idref="oc-3e6"/>
      </symbol>
      <symbol id="sm-abb">
         <name>__aeabi_uidiv</name>
         <value>0x5125</value>
         <object_component_ref idref="oc-3e6"/>
      </symbol>
      <symbol id="sm-aca">
         <name>__aeabi_memset</name>
         <value>0x3fd3</value>
         <object_component_ref idref="oc-c7"/>
      </symbol>
      <symbol id="sm-acb">
         <name>memset</name>
         <value>0x3fd9</value>
         <object_component_ref idref="oc-c7"/>
      </symbol>
      <symbol id="sm-acc">
         <name>__aeabi_memset8</name>
         <value>0x3fd3</value>
         <object_component_ref idref="oc-c7"/>
      </symbol>
      <symbol id="sm-acd">
         <name>__aeabi_memset4</name>
         <value>0x3fd3</value>
         <object_component_ref idref="oc-c7"/>
      </symbol>
      <symbol id="sm-ace">
         <name>__aeabi_memclr8</name>
         <value>0x3fd1</value>
         <object_component_ref idref="oc-c7"/>
      </symbol>
      <symbol id="sm-acf">
         <name>__aeabi_memclr4</name>
         <value>0x3fd1</value>
         <object_component_ref idref="oc-c7"/>
      </symbol>
      <symbol id="sm-ad0">
         <name>__aeabi_memclr</name>
         <value>0x3fd1</value>
         <object_component_ref idref="oc-c7"/>
      </symbol>
      <symbol id="sm-ae2">
         <name>__TI_zero_init</name>
         <value>0x59c7</value>
         <object_component_ref idref="oc-6a"/>
      </symbol>
      <symbol id="sm-af9">
         <name>__TI_decompress_none</name>
         <value>0x59ad</value>
         <object_component_ref idref="oc-18"/>
      </symbol>
      <symbol id="sm-b1c">
         <name>__TI_decompress_lzss</name>
         <value>0x43cd</value>
         <object_component_ref idref="oc-12"/>
      </symbol>
      <symbol id="sm-b42">
         <name>C$$EXIT</name>
         <value>0x5a3d</value>
         <object_component_ref idref="oc-17c"/>
      </symbol>
      <symbol id="sm-b43">
         <name>abort</name>
         <value>0x5a3d</value>
         <object_component_ref idref="oc-17c"/>
      </symbol>
      <symbol id="sm-b44">
         <name>__TI_dtors_ptr</name>
         <value>0x20007a34</value>
         <object_component_ref idref="oc-32f"/>
      </symbol>
      <symbol id="sm-b45">
         <name>__TI_cleanup_ptr</name>
         <value>0x20007a30</value>
         <object_component_ref idref="oc-32f"/>
      </symbol>
      <symbol id="sm-b46">
         <name>__TI_enable_exit_profile_output</name>
         <value>0x20007a38</value>
         <object_component_ref idref="oc-32f"/>
      </symbol>
      <symbol id="sm-b47">
         <name>exit</name>
         <value>0x4e3d</value>
         <object_component_ref idref="oc-182"/>
      </symbol>
      <symbol id="sm-b5c">
         <name>_nop</name>
         <value>0x3d2f</value>
         <object_component_ref idref="oc-45c"/>
      </symbol>
      <symbol id="sm-b5d">
         <name>_lock</name>
         <value>0x20007a54</value>
         <object_component_ref idref="oc-332"/>
      </symbol>
      <symbol id="sm-b5e">
         <name>_unlock</name>
         <value>0x20007a58</value>
         <object_component_ref idref="oc-332"/>
      </symbol>
      <symbol id="sm-b74">
         <name>atoi</name>
         <value>0x4d15</value>
         <object_component_ref idref="oc-640"/>
      </symbol>
      <symbol id="sm-b7f">
         <name>_ctypes_</name>
         <value>0x5a40</value>
         <object_component_ref idref="oc-6b1"/>
      </symbol>
      <symbol id="sm-b94">
         <name>__TI_tmpnams</name>
         <value>0x200072ec</value>
      </symbol>
      <symbol id="sm-b95">
         <name>__aeabi_stdout</name>
         <value>0x20007a28</value>
         <object_component_ref idref="oc-7fa"/>
      </symbol>
      <symbol id="sm-b96">
         <name>__aeabi_stderr</name>
         <value>0x20007a2c</value>
         <object_component_ref idref="oc-7fa"/>
      </symbol>
      <symbol id="sm-b97">
         <name>__aeabi_stdin</name>
         <value>0x20007a24</value>
         <object_component_ref idref="oc-7fa"/>
      </symbol>
      <symbol id="sm-b98">
         <name>_ftable</name>
         <value>0x2000776c</value>
         <object_component_ref idref="oc-5f4"/>
      </symbol>
      <symbol id="sm-b99">
         <name>__TI_ft_end</name>
         <value>0x20007a20</value>
         <object_component_ref idref="oc-7fa"/>
      </symbol>
      <symbol id="sm-ba8">
         <name>ltoa</name>
         <value>0x4b85</value>
         <object_component_ref idref="oc-6cc"/>
      </symbol>
      <symbol id="sm-bb8">
         <name>memccpy</name>
         <value>0x5801</value>
         <object_component_ref idref="oc-669"/>
      </symbol>
      <symbol id="sm-bc8">
         <name>memchr</name>
         <value>0x5749</value>
         <object_component_ref idref="oc-72c"/>
      </symbol>
      <symbol id="sm-c4f">
         <name>_sys_memory</name>
         <value>0x20007c90</value>
         <object_component_ref idref="oc-21"/>
      </symbol>
      <symbol id="sm-c50">
         <name>free</name>
         <value>0x3235</value>
         <object_component_ref idref="oc-7ab"/>
      </symbol>
      <symbol id="sm-c51">
         <name>memalign</name>
         <value>0x2f65</value>
         <object_component_ref idref="oc-7ed"/>
      </symbol>
      <symbol id="sm-c52">
         <name>malloc</name>
         <value>0x5a09</value>
         <object_component_ref idref="oc-7b1"/>
      </symbol>
      <symbol id="sm-c53">
         <name>aligned_alloc</name>
         <value>0x2f65</value>
         <object_component_ref idref="oc-7ed"/>
      </symbol>
      <symbol id="sm-c63">
         <name>strchr</name>
         <value>0x58cd</value>
         <object_component_ref idref="oc-6fe"/>
      </symbol>
      <symbol id="sm-c71">
         <name>strlen</name>
         <value>0x590d</value>
         <object_component_ref idref="oc-63a"/>
      </symbol>
      <symbol id="sm-c8b">
         <name>write</name>
         <value>0x5631</value>
         <object_component_ref idref="oc-738"/>
      </symbol>
      <symbol id="sm-c9c">
         <name>_stream</name>
         <value>0x20007938</value>
         <object_component_ref idref="oc-78a"/>
      </symbol>
      <symbol id="sm-c9d">
         <name>_device</name>
         <value>0x2000785c</value>
         <object_component_ref idref="oc-7ca"/>
      </symbol>
      <symbol id="sm-cb3">
         <name>__aeabi_errno_addr</name>
         <value>0x5a01</value>
         <object_component_ref idref="oc-675"/>
      </symbol>
      <symbol id="sm-cb4">
         <name>errno</name>
         <value>0x20007a84</value>
         <object_component_ref idref="oc-70e"/>
      </symbol>
      <symbol id="sm-cc7">
         <name>__stack</name>
         <value>0x20007a90</value>
         <object_component_ref idref="oc-24"/>
      </symbol>
      <symbol id="sm-cc8">
         <name>_c_int00_noargs</name>
         <value>0x53d1</value>
         <object_component_ref idref="oc-76"/>
      </symbol>
      <symbol id="sm-ce1">
         <name>wcslen</name>
         <value>0x596b</value>
         <object_component_ref idref="oc-66f"/>
      </symbol>
      <symbol id="sm-cf1">
         <name>__TI_doflush</name>
         <value>0x4cc9</value>
         <object_component_ref idref="oc-732"/>
      </symbol>
      <symbol id="sm-d01">
         <name>__TI_cleanup</name>
         <value>0x5369</value>
         <object_component_ref idref="oc-7b7"/>
      </symbol>
      <symbol id="sm-d13">
         <name>fseek</name>
         <value>0x4565</value>
         <object_component_ref idref="oc-778"/>
      </symbol>
      <symbol id="sm-d1d">
         <name>__aeabi_idiv0</name>
         <value>0x404b</value>
         <object_component_ref idref="oc-4d5"/>
      </symbol>
      <symbol id="sm-d1e">
         <name>__aeabi_ldiv0</name>
         <value>0x404b</value>
         <object_component_ref idref="oc-4d5"/>
      </symbol>
      <symbol id="sm-d46">
         <name>__TI_auto_init_nobinit_nopinit</name>
         <value>0x4f55</value>
         <object_component_ref idref="oc-188"/>
      </symbol>
      <symbol id="sm-d50">
         <name>_system_pre_init</name>
         <value>0x5a39</value>
         <object_component_ref idref="oc-cd"/>
      </symbol>
      <symbol id="sm-d63">
         <name>HOSTclose</name>
         <value>0x4ecd</value>
         <object_component_ref idref="oc-806"/>
      </symbol>
      <symbol id="sm-d74">
         <name>HOSTlseek</name>
         <value>0x4295</value>
         <object_component_ref idref="oc-818"/>
      </symbol>
      <symbol id="sm-d86">
         <name>parmbuf</name>
         <value>0x200074f8</value>
      </symbol>
      <symbol id="sm-d87">
         <name>HOSTopen</name>
         <value>0x462d</value>
         <object_component_ref idref="oc-800"/>
      </symbol>
      <symbol id="sm-d98">
         <name>HOSTread</name>
         <value>0x49d1</value>
         <object_component_ref idref="oc-80c"/>
      </symbol>
      <symbol id="sm-da9">
         <name>HOSTrename</name>
         <value>0x42fd</value>
         <object_component_ref idref="oc-824"/>
      </symbol>
      <symbol id="sm-dba">
         <name>HOSTunlink</name>
         <value>0x4f11</value>
         <object_component_ref idref="oc-81e"/>
      </symbol>
      <symbol id="sm-dcb">
         <name>HOSTwrite</name>
         <value>0x4a29</value>
         <object_component_ref idref="oc-812"/>
      </symbol>
      <symbol id="sm-def">
         <name>__TI_readmsg</name>
         <value>0x539d</value>
         <object_component_ref idref="oc-853"/>
      </symbol>
      <symbol id="sm-df0">
         <name>C$$IO$$</name>
         <value>0x5287</value>
         <object_component_ref idref="oc-84d"/>
      </symbol>
      <symbol id="sm-df1">
         <name>__CIOBUF_</name>
         <value>0x2000710c</value>
         <object_component_ref idref="oc-87e"/>
      </symbol>
      <symbol id="sm-df2">
         <name>__TI_writemsg</name>
         <value>0x5259</value>
         <object_component_ref idref="oc-84d"/>
      </symbol>
      <symbol id="sm-e03">
         <name>lseek</name>
         <value>0x55b9</value>
         <object_component_ref idref="oc-7a3"/>
      </symbol>
      <symbol id="sm-e18">
         <name>__TI_closefile</name>
         <value>0x41b1</value>
         <object_component_ref idref="oc-7f4"/>
      </symbol>
      <symbol id="sm-e3b">
         <name>finddevice</name>
         <value>0x5405</value>
         <object_component_ref idref="oc-89c"/>
      </symbol>
      <symbol id="sm-e3c">
         <name>getdevice</name>
         <value>0x4f99</value>
         <object_component_ref idref="oc-874"/>
      </symbol>
      <symbol id="sm-e4b">
         <name>strcmp</name>
         <value>0x5885</value>
         <object_component_ref idref="oc-8b3"/>
      </symbol>
      <symbol id="sm-e59">
         <name>strcpy</name>
         <value>0x58f9</value>
         <object_component_ref idref="oc-867"/>
      </symbol>
      <symbol id="sm-e69">
         <name>strncpy</name>
         <value>0x52c9</value>
         <object_component_ref idref="oc-896"/>
      </symbol>
      <symbol id="sm-e7e">
         <name>close</name>
         <value>0x4865</value>
         <object_component_ref idref="oc-83c"/>
      </symbol>
      <symbol id="sm-e8e">
         <name>unlink</name>
         <value>0x5495</value>
         <object_component_ref idref="oc-842"/>
      </symbol>
      <symbol id="sm-f46">
         <name>CANIntRegister</name>
         <value>0x586d</value>
         <object_component_ref idref="oc-248"/>
      </symbol>
      <symbol id="sm-f47">
         <name>CANMessageGet</name>
         <value>0x295d</value>
         <object_component_ref idref="oc-4bf"/>
      </symbol>
      <symbol id="sm-f48">
         <name>CANEnable</name>
         <value>0x59dd</value>
         <object_component_ref idref="oc-29b"/>
      </symbol>
      <symbol id="sm-f49">
         <name>CANIntDisable</name>
         <value>0x59e7</value>
         <object_component_ref idref="oc-289"/>
      </symbol>
      <symbol id="sm-f4a">
         <name>CANMessageSet</name>
         <value>0x1a91</value>
         <object_component_ref idref="oc-394"/>
      </symbol>
      <symbol id="sm-f4b">
         <name>CANIntClear</name>
         <value>0x56c5</value>
         <object_component_ref idref="oc-4b3"/>
      </symbol>
      <symbol id="sm-f4c">
         <name>CANIntStatus</name>
         <value>0x5709</value>
         <object_component_ref idref="oc-4ad"/>
      </symbol>
      <symbol id="sm-f4d">
         <name>CANDisable</name>
         <value>0x59d3</value>
         <object_component_ref idref="oc-283"/>
      </symbol>
      <symbol id="sm-f4e">
         <name>CANInit</name>
         <value>0x51e3</value>
         <object_component_ref idref="oc-236"/>
      </symbol>
      <symbol id="sm-f4f">
         <name>CANBitTimingSet</name>
         <value>0x4977</value>
         <object_component_ref idref="oc-242"/>
      </symbol>
      <symbol id="sm-f50">
         <name>CANIntEnable</name>
         <value>0x59f1</value>
         <object_component_ref idref="oc-28f"/>
      </symbol>
      <symbol id="sm-f8a">
         <name>GPIOPinConfigure</name>
         <value>0x4dad</value>
         <object_component_ref idref="oc-216"/>
      </symbol>
      <symbol id="sm-f8b">
         <name>GPIOPinTypeUART</name>
         <value>0x5947</value>
         <object_component_ref idref="oc-229"/>
      </symbol>
      <symbol id="sm-f8c">
         <name>GPIODirModeSet</name>
         <value>0x54ed</value>
         <object_component_ref idref="oc-363"/>
      </symbol>
      <symbol id="sm-f8d">
         <name>GPIOPadConfigSet</name>
         <value>0x1e31</value>
         <object_component_ref idref="oc-369"/>
      </symbol>
      <symbol id="sm-f8e">
         <name>GPIOPinTypeCAN</name>
         <value>0x5935</value>
         <object_component_ref idref="oc-21c"/>
      </symbol>
      <symbol id="sm-fc7">
         <name>IntEnable</name>
         <value>0x4365</value>
         <object_component_ref idref="oc-295"/>
      </symbol>
      <symbol id="sm-fc8">
         <name>IntRegister</name>
         <value>0x5301</value>
         <object_component_ref idref="oc-38d"/>
      </symbol>
      <symbol id="sm-fc9">
         <name>g_pfnRAMVectors</name>
         <value>0x20000000</value>
         <object_component_ref idref="oc-49c"/>
      </symbol>
      <symbol id="sm-101b">
         <name>SysCtlClockSet</name>
         <value>0x2e71</value>
         <object_component_ref idref="oc-20a"/>
      </symbol>
      <symbol id="sm-101c">
         <name>SysCtlDelay</name>
         <value>0x5a1f</value>
         <object_component_ref idref="oc-355"/>
      </symbol>
      <symbol id="sm-101d">
         <name>SysCtlPeripheralEnable</name>
         <value>0x5335</value>
         <object_component_ref idref="oc-210"/>
      </symbol>
      <symbol id="sm-101e">
         <name>SysCtlClockGet</name>
         <value>0x273d</value>
         <object_component_ref idref="oc-23c"/>
      </symbol>
      <symbol id="sm-102b">
         <name>UARTClockSourceSet</name>
         <value>0x5a25</value>
         <object_component_ref idref="oc-223"/>
      </symbol>
      <symbol id="sm-102d">
         <name>__TI_static_base__</name>
         <value>0x0</value>
      </symbol>
      <symbol id="sm-1030">
         <name>__mpu_init</name>
         <value>0x0</value>
      </symbol>
      <symbol id="sm-1031">
         <name>_system_post_cinit</name>
         <value>0x0</value>
      </symbol>
      <symbol id="sm-1032">
         <name>Mcu_GetSysCloock</name>
         <value>0x273d</value>
      </symbol>
      <symbol id="sm-1033">
         <name>remove</name>
         <value>0x5495</value>
      </symbol>
   </symbol_table>
   <title>Link successful</title>
</link_info>
